Microchip MPLAB XC8 Compiler V1.45 ()

Linker command line:

-W-2 \
  --edf=D:\soft.download\CMS_IDE_V2.03.25\CMS_IDE_V2.03.25\data\dat\en_msgs.txt \
  -cs -h+ABM007.sym --cmf=ABM007.cmf -z -Q79F133 \
  -oC:\Users\ÍôÇ¿Éý\AppData\Local\Temp\s9t4.2 -MABM007.map -E1 -ver=XC8 \
  -ASTACK=0A0h-0efh -pstack=STACK -ACODE=00h-07FFhx4 -ASTRCODE=00h-01FFFh \
  -ASTRING=00h-0FFhx32 -ACONST=00h-0FFhx32 -AENTRY=00h-0FFhx32 \
  -ACOMMON=070h-07Fh -ABANK0=020h-06Fh -ABANK1=0A0h-0EFh \
  -ABANK2=0120h-016Fh -ABANK3=01A0h-01EFh \
  -ARAM=020h-06Fh,0A0h-0EFh,0120h-016Fh,01A0h-01EFh \
  -AABS1=020h-07Fh,0A0h-0EFh,0120h-016Fh,01A0h-01EFh -ASFR0=00h-01Fh \
  -ASFR1=080h-09Fh -ASFR2=0100h-011Fh -ASFR3=0180h-019Fh \
  -preset_vec=00h,intentry=04h,init,end_init -ppowerup=CODE -pcinit=CODE \
  -pfunctab=ENTRY -ACONFIG=02007h-02008h -pconfig=CONFIG -DCONFIG=2 \
  -AIDLOC=02000h-02003h -pidloc=IDLOC -DIDLOC=2 -DCODE=2 -DSTRCODE=2 \
  -DSTRING=2 -DCONST=2 -DENTRY=2 -k startup.obj ABM007.obj 

Object code version is 3.11

Machine type is 79F133



                Name                               Link     Load   Length Selector   Space Scale
startup.obj     end_init                              C        C        3        8       0
                reset_vec                             0        0        3        0       0
ABM007.obj      cinit                                 F        F       10        8       0
                intentry                              4        4        8        8       0
                text21                              334      334       3C        8       0
                text19                              370      370       2E        8       0
                text15                               1F       1F       F9        8       0
                text10                              20E      20E       C3        8       0
                text5                               118      118       F6        8       0
                text4                               3B0      3B0       11        8       0
                text3                               39E      39E       12        8       0
                text2                               3CC      3CC        B        8       0
                text1                               3C1      3C1        B        8       0
                maintext                            2D1      2D1       63        8       0
                cstackBANK0                          44       44        3       20       1
                cstackCOMMON                         70       70        6       70       1
                clrtext                             3D7      3D7        8        8       0
                bssBANK0                             20       20       24       20       1
                bssCOMMON                            76       76        5       70       1

TOTAL           Name                               Link     Load   Length     Space
        CLASS   STACK          

        CLASS   CODE           
                end_init                              C        C        3         0
                cinit                                 F        F       10         0
                intentry                              4        4        8         0
                reset_vec                             0        0        3         0
                text21                              334      334       3C         0
                text19                              370      370       2E         0
                text15                               1F       1F       F9         0
                text10                              20E      20E       C3         0
                text5                               118      118       F6         0
                text4                               3B0      3B0       11         0
                text3                               39E      39E       12         0
                text2                               3CC      3CC        B         0
                text1                               3C1      3C1        B         0
                maintext                            2D1      2D1       63         0
                clrtext                             3D7      3D7        8         0

        CLASS   STRCODE        

        CLASS   STRING         

        CLASS   CONST          

        CLASS   ENTRY          

        CLASS   COMMON         
                cstackCOMMON                         70       70        6         1
                bssCOMMON                            76       76        5         1

        CLASS   BANK0          
                cstackBANK0                          44       44        3         1
                bssBANK0                             20       20       24         1

        CLASS   BANK1          

        CLASS   BANK2          

        CLASS   BANK3          

        CLASS   RAM            

        CLASS   ABS1           
                abs_s1                               7E       7E        2         1

        CLASS   SFR0           

        CLASS   SFR1           

        CLASS   SFR2           

        CLASS   SFR3           

        CLASS   CONFIG         

        CLASS   IDLOC          

        CLASS   EEDATA         



SEGMENTS        Name                           Load    Length   Top    Selector   Space  Class     Delta

                reset_vec                      000000  000003  000003         0       0  CODE        2
                intentry                       000004  0003DB  0003DF         8       0  CODE        2
                bssBANK0                       000020  000027  000047        20       1  BANK0       1
                cstackCOMMON                   000070  00000B  00007B        70       1  COMMON      1


UNUSED ADDRESS RANGES

        Name                Unused          Largest block    Delta
        BANK0            047-06F            29           1
        BANK1            0A0-0EF            50           1
        BANK2            120-16F            50           1
        BANK3            1A0-1EF            50           1
        CODE             003-003             1           2
                         3DF-1FFF           800
        COMMON           07B-07D             3           1
        CONFIG           2007-2008             2           2
        CONST            003-003             1           2
                         3DF-1FFF           100
        ENTRY            003-003             1           2
                         3DF-1FFF           100
        IDLOC            2000-2003             4           2
        RAM              047-06F            29           1
                         0A0-0EF            50
                         120-16F            50
                         1A0-1EF            50
        SFR0             000-01F            20           1
        SFR1             080-09F            20           1
        SFR2             100-11F            20           1
        SFR3             180-19F            20           1
        STACK            0A0-0EF            50           1
        STRCODE          003-003             1           2
                         3DF-1FFF          1C21
        STRING           003-003             1           2
                         3DF-1FFF           100

                                  Symbol Table

Delay@dtemp              cstackCOMMON 072
Delay_nms@gtemp          cstackBANK0  046
Delay_nms@i              cstackBANK0  044
Delay_nms@inittempl      cstackCOMMON 074
PL10                     text10       2CB
PL2                      text15       106
PL4                      text15       10F
PL6                      text5        205
PL8                      text10       2C5
_AD_Result               bssBANK0     02E
_BufCntAdd               bssBANK0     026
_CNTbodyExitTime         bssBANK0     022
_CNTbodyInTime           bssBANK0     024
_CNTbody_h               bssBANK0     02A
_CNTbody_l               bssBANK0     028
_CNTbreath_Led           bssBANK0     036
_CNTbreath_Led1          bssBANK0     034
_CNTbreath_Led2          bssCOMMON    076
_CNTbreath_Led3          bssBANK0     032
_CNTfct                  bssBANK0     020
_CNTfctStart             bssBANK0     038
_CNTflush                bssBANK0     02C
_Delay                   text19       392
_Delay_nms               text19       370
_Fbodysensor             bssCOMMON    07A
_Fflush1                 bssCOMMON    078
_FledBits01              bssCOMMON    079
_FlushCon                text15       027
_FlushJudge              text15       0E7
_FlushTime               text15       026
_Fsys1                   bssBANK0     043
_Fsys1m                  bssBANK0     041
_Fsys1s                  bssBANK0     042
_GIE                     (abs)        05F
_GflushLoop              text15       01F
_GledLoop                text10       20E
_GsensorLoop             text5        118
_INTCON                  (abs)        00B
_INT_LED_SHOW            text21       357
_Init_GPIO               text4        3B0
_Init_IC                 text3        39E
_Init_TIMER1             text2        3CC
_Init_TIMER2             text1        3C1
_Int_ALL                 text21       334
_LED_Con                 text10       21C
_LED_Judge               text10       2BD
_LED_Key                 text10       218
_LED_Time                text10       219
_MainTime_1min           bssBANK0     03D
_MainTime_1s             bssBANK0     030
_OPTION_REG              (abs)        081
_OSCCON                  (abs)        08F
_PIE1                    (abs)        08C
_PIE2                    (abs)        08D
_PIR1                    (abs)        00C
_PIR2                    (abs)        00D
_PORTA                   (abs)        005
_PORTB                   (abs)        006
_PORTC                   (abs)        007
_PR2                     (abs)        092
_RA2                     (abs)        02A
_RA4                     (abs)        02C
_RA5                     (abs)        02D
_RB1                     (abs)        031
_RX_Buf                  bssBANK0     040
_SEQbody                 bssBANK0     03A
_SEQflsuh                bssBANK0     03C
_SEQmain                 bssBANK0     03E
_SensorControl           text5        15B
_SensorJudge             text5        176
_SensorKey               text5        122
_SensorTime              text5        123
_T1CON                   (abs)        010
_T2CON                   (abs)        012
_TMR1                    (abs)        00E
_TMR1IE                  (abs)        460
_TMR1IF                  (abs)        060
_TMR2IE                  (abs)        461
_TMR2IF                  (abs)        061
_TRISA                   (abs)        085
_TRISB                   (abs)        086
_TRISC                   (abs)        087
_WDTCON                  (abs)        105
_WPUA                    (abs)        18E
_WPUB                    (abs)        095
_WPUC                    (abs)        18F
__Habs1                  abs1         000
__Hbank0                 bank0        000
__Hbank1                 bank1        000
__Hbank2                 bank2        000
__Hbank3                 bank3        000
__HbssBANK0              bssBANK0     000
__HbssCOMMON             bssCOMMON    000
__Hcinit                 cinit        01F
__Hclrtext               clrtext      000
__Hcode                  code         000
__Hcommon                common       000
__Hconfig                config       000
__HcstackBANK0           cstackBANK0  000
__HcstackCOMMON          cstackCOMMON 000
__Heeprom_data           eeprom_data  000
__Hend_init              end_init     00F
__Hfunctab               functab      000
__Hidloc                 idloc        000
__Hinit                  init         00C
__Hintentry              intentry     00C
__Hmaintext              maintext     000
__Hpa_nodes0             pa_nodes0    000
__Hpowerup               powerup      000
__Hram                   ram          000
__Hreset_vec             reset_vec    003
__Hsfr0                  sfr0         000
__Hsfr1                  sfr1         000
__Hsfr2                  sfr2         000
__Hsfr3                  sfr3         000
__Hspace_0               (abs)        3DF
__Hspace_1               (abs)        07B
__Hspace_2               (abs)        000
__Hspace_3               (abs)        000
__Hstack                 stack        000
__Hstrings               strings      000
__Htext                  text         000
__Labs1                  abs1         000
__Lbank0                 bank0        000
__Lbank1                 bank1        000
__Lbank2                 bank2        000
__Lbank3                 bank3        000
__LbssBANK0              bssBANK0     000
__LbssCOMMON             bssCOMMON    000
__Lcinit                 cinit        00F
__Lclrtext               clrtext      000
__Lcode                  code         000
__Lcommon                common       000
__Lconfig                config       000
__LcstackBANK0           cstackBANK0  000
__LcstackCOMMON          cstackCOMMON 000
__Leeprom_data           eeprom_data  000
__Lend_init              end_init     00C
__Lfunctab               functab      000
__Lidloc                 idloc        000
__Linit                  init         00C
__Lintentry              intentry     004
__Lmaintext              maintext     000
__Lpa_nodes0             pa_nodes0    000
__Lpowerup               powerup      000
__Lram                   ram          000
__Lreset_vec             reset_vec    000
__Lsfr0                  sfr0         000
__Lsfr1                  sfr1         000
__Lsfr2                  sfr2         000
__Lsfr3                  sfr3         000
__Lspace_0               (abs)        000
__Lspace_1               (abs)        000
__Lspace_2               (abs)        000
__Lspace_3               (abs)        000
__Lstack                 stack        000
__Lstrings               strings      000
__Ltext                  text         000
__S0                     (abs)        3DF
__S1                     (abs)        07B
__S2                     (abs)        000
___int_sp                stack        000
___latbits               (abs)        002
___sp                    stack        000
__end_ofPL10             text10       2D1
__end_ofPL2              text15       10F
__end_ofPL4              text15       118
__end_ofPL6              text5        20E
__end_ofPL8              text10       2CB
__end_of_Delay           text19       39E
__end_of_Delay_nms       text19       392
__end_of_FlushCon        text15       0E7
__end_of_FlushJudge      text15       106
__end_of_FlushTime       text15       027
__end_of_GflushLoop      text15       026
__end_of_GledLoop        text10       218
__end_of_GsensorLoop     text5        122
__end_of_INT_LED_SHOW    text21       370
__end_of_Init_GPIO       text4        3C1
__end_of_Init_IC         text3        3B0
__end_of_Init_TIMER1     text2        3D7
__end_of_Init_TIMER2     text1        3CC
__end_of_Int_ALL         text21       357
__end_of_LED_Con         text10       2BD
__end_of_LED_Judge       text10       2C5
__end_of_LED_Key         text10       219
__end_of_LED_Time        text10       21C
__end_of_SensorControl   text5        176
__end_of_SensorJudge     text5        205
__end_of_SensorKey       text5        123
__end_of_SensorTime      text5        15B
__end_of__initialization cinit        01B
__end_of_main            maintext     334
__initialization         cinit        00F
__pbssBANK0              bssBANK0     020
__pbssCOMMON             bssCOMMON    076
__pcstackBANK0           cstackBANK0  044
__pcstackCOMMON          cstackCOMMON 070
__pintentry              intentry     004
__pmaintext              maintext     2D1
__ptext0                 text0        000
__ptext1                 text1        3C1
__ptext10                text10       20E
__ptext11                text10       219
__ptext12                text10       218
__ptext13                text10       2BD
__ptext14                text10       21C
__ptext15                text15       01F
__ptext16                text15       026
__ptext17                text15       0E7
__ptext18                text15       027
__ptext19                text19       370
__ptext2                 text2        3CC
__ptext20                text19       392
__ptext21                text21       334
__ptext22                text21       357
__ptext3                 text3        39E
__ptext4                 text4        3B0
__ptext5                 text5        118
__ptext6                 text5        123
__ptext7                 text5        122
__ptext8                 text5        176
__ptext9                 text5        15B
__size_of_Delay          (abs)        000
__size_of_Delay_nms      (abs)        000
__size_of_FlushCon       (abs)        000
__size_of_FlushJudge     (abs)        000
__size_of_FlushTime      (abs)        000
__size_of_GflushLoop     (abs)        000
__size_of_GledLoop       (abs)        000
__size_of_GsensorLoop    (abs)        000
__size_of_INT_LED_SHOW   (abs)        000
__size_of_Init_GPIO      (abs)        000
__size_of_Init_IC        (abs)        000
__size_of_Init_TIMER1    (abs)        000
__size_of_Init_TIMER2    (abs)        000
__size_of_Int_ALL        (abs)        000
__size_of_LED_Con        (abs)        000
__size_of_LED_Judge      (abs)        000
__size_of_LED_Key        (abs)        000
__size_of_LED_Time       (abs)        000
__size_of_SensorControl  (abs)        000
__size_of_SensorJudge    (abs)        000
__size_of_SensorKey      (abs)        000
__size_of_SensorTime     (abs)        000
__size_of_main           (abs)        000
_fctBits001              bssBANK0     039
_main                    maintext     2D1
_templ                   bssBANK0     03F
_u8stsBodySensor         bssBANK0     03B
btemp                    (abs)        07E
clear_ram0               clrtext      3D7
end_of_initialization    cinit        01B
interrupt_function       intentry     004
intlevel0                functab      000
intlevel1                functab      000
intlevel2                functab      000
intlevel3                functab      000
intlevel4                functab      000
intlevel5                functab      000
reset_vec                reset_vec    000
saved_w                  (abs)        07E
stackhi                  (abs)        000
stacklo                  (abs)        000
start                    init         00C
start_initialization     cinit        00F
wtemp0                   (abs)        07E


FUNCTION INFORMATION:

 *************** function _main *****************
 Defined at:
		line 476 in file "C:\Users\ÍôÇ¿Éý\Desktop\ABM007_79F133(2)\ABM007_79F133\source\main.c"
 Parameters:    Size  Location     Type
		None
 Auto vars:     Size  Location     Type
		None
 Return value:  Size  Location     Type
                  1    wreg      void 
 Registers used:
		wreg, fsr0l, fsr0h, status,2, status,0, pclath, cstack
 Tracked objects:
		On entry : 
		On exit  : 
		Unchanged: 
 Data sizes:     COMMON   BANK0   BANK1   BANK3   BANK2
      Params:         0       0       0       0       0
      Locals:         0       0       0       0       0
      Temps:          0       0       0       0       0
      Totals:         0       0       0       0       0
Total ram usage:        0 bytes
 Hardware stack levels required when called:    4
 This function calls:
		_Delay_nms
		_GflushLoop
		_GledLoop
		_GsensorLoop
		_Init_GPIO
		_Init_IC
		_Init_TIMER1
		_Init_TIMER2
 This function is called by:
		Startup code after reset
 This function uses a non-reentrant model


 *************** function _Init_TIMER2 *****************
 Defined at:
		line 177 in file "C:\Users\ÍôÇ¿Éý\Desktop\ABM007_79F133(2)\ABM007_79F133\source\main.c"
 Parameters:    Size  Location     Type
		None
 Auto vars:     Size  Location     Type
		None
 Return value:  Size  Location     Type
                  1    wreg      void 
 Registers used:
		wreg
 Tracked objects:
		On entry : 
		On exit  : 
		Unchanged: 
 Data sizes:     COMMON   BANK0   BANK1   BANK3   BANK2
      Params:         0       0       0       0       0
      Locals:         0       0       0       0       0
      Temps:          0       0       0       0       0
      Totals:         0       0       0       0       0
Total ram usage:        0 bytes
 Hardware stack levels used:    1
 Hardware stack levels required when called:    2
 This function calls:
		Nothing
 This function is called by:
		_main
 This function uses a non-reentrant model


 *************** function _Init_TIMER1 *****************
 Defined at:
		line 155 in file "C:\Users\ÍôÇ¿Éý\Desktop\ABM007_79F133(2)\ABM007_79F133\source\main.c"
 Parameters:    Size  Location     Type
		None
 Auto vars:     Size  Location     Type
		None
 Return value:  Size  Location     Type
                  1    wreg      void 
 Registers used:
		wreg
 Tracked objects:
		On entry : 
		On exit  : 
		Unchanged: 
 Data sizes:     COMMON   BANK0   BANK1   BANK3   BANK2
      Params:         0       0       0       0       0
      Locals:         0       0       0       0       0
      Temps:          0       0       0       0       0
      Totals:         0       0       0       0       0
Total ram usage:        0 bytes
 Hardware stack levels used:    1
 Hardware stack levels required when called:    2
 This function calls:
		Nothing
 This function is called by:
		_main
 This function uses a non-reentrant model


 *************** function _Init_IC *****************
 Defined at:
		line 99 in file "C:\Users\ÍôÇ¿Éý\Desktop\ABM007_79F133(2)\ABM007_79F133\source\main.c"
 Parameters:    Size  Location     Type
		None
 Auto vars:     Size  Location     Type
		None
 Return value:  Size  Location     Type
                  1    wreg      void 
 Registers used:
		wreg, status,2
 Tracked objects:
		On entry : 
		On exit  : 
		Unchanged: 
 Data sizes:     COMMON   BANK0   BANK1   BANK3   BANK2
      Params:         0       0       0       0       0
      Locals:         0       0       0       0       0
      Temps:          0       0       0       0       0
      Totals:         0       0       0       0       0
Total ram usage:        0 bytes
 Hardware stack levels used:    1
 Hardware stack levels required when called:    2
 This function calls:
		Nothing
 This function is called by:
		_main
 This function uses a non-reentrant model


 *************** function _Init_GPIO *****************
 Defined at:
		line 65 in file "C:\Users\ÍôÇ¿Éý\Desktop\ABM007_79F133(2)\ABM007_79F133\source\main.c"
 Parameters:    Size  Location     Type
		None
 Auto vars:     Size  Location     Type
		None
 Return value:  Size  Location     Type
                  1    wreg      void 
 Registers used:
		wreg, status,2
 Tracked objects:
		On entry : 
		On exit  : 
		Unchanged: 
 Data sizes:     COMMON   BANK0   BANK1   BANK3   BANK2
      Params:         0       0       0       0       0
      Locals:         0       0       0       0       0
      Temps:          0       0       0       0       0
      Totals:         0       0       0       0       0
Total ram usage:        0 bytes
 Hardware stack levels used:    1
 Hardware stack levels required when called:    2
 This function calls:
		Nothing
 This function is called by:
		_main
 This function uses a non-reentrant model


 *************** function _GsensorLoop *****************
 Defined at:
		line 19 in file "C:\Users\ÍôÇ¿Éý\Desktop\ABM007_79F133(2)\ABM007_79F133\source\sensor.c"
 Parameters:    Size  Location     Type
		None
 Auto vars:     Size  Location     Type
		None
 Return value:  Size  Location     Type
                  1    wreg      void 
 Registers used:
		wreg, fsr0l, fsr0h, status,2, status,0, pclath, cstack
 Tracked objects:
		On entry : 
		On exit  : 
		Unchanged: 
 Data sizes:     COMMON   BANK0   BANK1   BANK3   BANK2
      Params:         0       0       0       0       0
      Locals:         0       0       0       0       0
      Temps:          0       0       0       0       0
      Totals:         0       0       0       0       0
Total ram usage:        0 bytes
 Hardware stack levels used:    1
 Hardware stack levels required when called:    3
 This function calls:
		_SensorControl
		_SensorJudge
		_SensorKey
		_SensorTime
 This function is called by:
		_main
 This function uses a non-reentrant model


 *************** function _SensorTime *****************
 Defined at:
		line 33 in file "C:\Users\ÍôÇ¿Éý\Desktop\ABM007_79F133(2)\ABM007_79F133\source\sensor.c"
 Parameters:    Size  Location     Type
		None
 Auto vars:     Size  Location     Type
		None
 Return value:  Size  Location     Type
                  1    wreg      void 
 Registers used:
		wreg, status,2, status,0
 Tracked objects:
		On entry : 
		On exit  : 
		Unchanged: 
 Data sizes:     COMMON   BANK0   BANK1   BANK3   BANK2
      Params:         0       0       0       0       0
      Locals:         0       0       0       0       0
      Temps:          0       0       0       0       0
      Totals:         0       0       0       0       0
Total ram usage:        0 bytes
 Hardware stack levels used:    1
 Hardware stack levels required when called:    2
 This function calls:
		Nothing
 This function is called by:
		_GsensorLoop
 This function uses a non-reentrant model


 *************** function _SensorKey *****************
 Defined at:
		line 27 in file "C:\Users\ÍôÇ¿Éý\Desktop\ABM007_79F133(2)\ABM007_79F133\source\sensor.c"
 Parameters:    Size  Location     Type
		None
 Auto vars:     Size  Location     Type
		None
 Return value:  Size  Location     Type
                  1    wreg      void 
 Registers used:
		None
 Tracked objects:
		On entry : 
		On exit  : 
		Unchanged: 
 Data sizes:     COMMON   BANK0   BANK1   BANK3   BANK2
      Params:         0       0       0       0       0
      Locals:         0       0       0       0       0
      Temps:          0       0       0       0       0
      Totals:         0       0       0       0       0
Total ram usage:        0 bytes
 Hardware stack levels used:    1
 Hardware stack levels required when called:    2
 This function calls:
		Nothing
 This function is called by:
		_GsensorLoop
 This function uses a non-reentrant model


 *************** function _SensorJudge *****************
 Defined at:
		line 73 in file "C:\Users\ÍôÇ¿Éý\Desktop\ABM007_79F133(2)\ABM007_79F133\source\sensor.c"
 Parameters:    Size  Location     Type
		None
 Auto vars:     Size  Location     Type
		None
 Return value:  Size  Location     Type
                  1    wreg      void 
 Registers used:
		wreg, fsr0l, fsr0h, status,2, status,0
 Tracked objects:
		On entry : 
		On exit  : 
		Unchanged: 
 Data sizes:     COMMON   BANK0   BANK1   BANK3   BANK2
      Params:         0       0       0       0       0
      Locals:         0       0       0       0       0
      Temps:          0       0       0       0       0
      Totals:         0       0       0       0       0
Total ram usage:        0 bytes
 Hardware stack levels used:    1
 Hardware stack levels required when called:    2
 This function calls:
		Nothing
 This function is called by:
		_GsensorLoop
 This function uses a non-reentrant model


 *************** function _SensorControl *****************
 Defined at:
		line 179 in file "C:\Users\ÍôÇ¿Éý\Desktop\ABM007_79F133(2)\ABM007_79F133\source\sensor.c"
 Parameters:    Size  Location     Type
		None
 Auto vars:     Size  Location     Type
		None
 Return value:  Size  Location     Type
                  1    wreg      void 
 Registers used:
		wreg
 Tracked objects:
		On entry : 
		On exit  : 
		Unchanged: 
 Data sizes:     COMMON   BANK0   BANK1   BANK3   BANK2
      Params:         0       0       0       0       0
      Locals:         0       0       0       0       0
      Temps:          1       0       0       0       0
      Totals:         1       0       0       0       0
Total ram usage:        1 bytes
 Hardware stack levels used:    1
 Hardware stack levels required when called:    2
 This function calls:
		Nothing
 This function is called by:
		_GsensorLoop
 This function uses a non-reentrant model


 *************** function _GledLoop *****************
 Defined at:
		line 16 in file "C:\Users\ÍôÇ¿Éý\Desktop\ABM007_79F133(2)\ABM007_79F133\source\light.c"
 Parameters:    Size  Location     Type
		None
 Auto vars:     Size  Location     Type
		None
 Return value:  Size  Location     Type
                  1    wreg      void 
 Registers used:
		wreg, status,2, status,0, pclath, cstack
 Tracked objects:
		On entry : 
		On exit  : 
		Unchanged: 
 Data sizes:     COMMON   BANK0   BANK1   BANK3   BANK2
      Params:         0       0       0       0       0
      Locals:         0       0       0       0       0
      Temps:          0       0       0       0       0
      Totals:         0       0       0       0       0
Total ram usage:        0 bytes
 Hardware stack levels used:    1
 Hardware stack levels required when called:    3
 This function calls:
		_LED_Con
		_LED_Judge
		_LED_Key
		_LED_Time
 This function is called by:
		_main
 This function uses a non-reentrant model


 *************** function _LED_Time *****************
 Defined at:
		line 45 in file "C:\Users\ÍôÇ¿Éý\Desktop\ABM007_79F133(2)\ABM007_79F133\source\light.c"
 Parameters:    Size  Location     Type
		None
 Auto vars:     Size  Location     Type
		None
 Return value:  Size  Location     Type
                  1    wreg      void 
 Registers used:
		None
 Tracked objects:
		On entry : 
		On exit  : 
		Unchanged: 
 Data sizes:     COMMON   BANK0   BANK1   BANK3   BANK2
      Params:         0       0       0       0       0
      Locals:         0       0       0       0       0
      Temps:          0       0       0       0       0
      Totals:         0       0       0       0       0
Total ram usage:        0 bytes
 Hardware stack levels used:    1
 Hardware stack levels required when called:    2
 This function calls:
		Nothing
 This function is called by:
		_GledLoop
 This function uses a non-reentrant model


 *************** function _LED_Key *****************
 Defined at:
		line 24 in file "C:\Users\ÍôÇ¿Éý\Desktop\ABM007_79F133(2)\ABM007_79F133\source\light.c"
 Parameters:    Size  Location     Type
		None
 Auto vars:     Size  Location     Type
		None
 Return value:  Size  Location     Type
                  1    wreg      void 
 Registers used:
		None
 Tracked objects:
		On entry : 
		On exit  : 
		Unchanged: 
 Data sizes:     COMMON   BANK0   BANK1   BANK3   BANK2
      Params:         0       0       0       0       0
      Locals:         0       0       0       0       0
      Temps:          0       0       0       0       0
      Totals:         0       0       0       0       0
Total ram usage:        0 bytes
 Hardware stack levels used:    1
 Hardware stack levels required when called:    2
 This function calls:
		Nothing
 This function is called by:
		_GledLoop
 This function uses a non-reentrant model


 *************** function _LED_Judge *****************
 Defined at:
		line 53 in file "C:\Users\ÍôÇ¿Éý\Desktop\ABM007_79F133(2)\ABM007_79F133\source\light.c"
 Parameters:    Size  Location     Type
		None
 Auto vars:     Size  Location     Type
		None
 Return value:  Size  Location     Type
                  1    wreg      void 
 Registers used:
		None
 Tracked objects:
		On entry : 
		On exit  : 
		Unchanged: 
 Data sizes:     COMMON   BANK0   BANK1   BANK3   BANK2
      Params:         0       0       0       0       0
      Locals:         0       0       0       0       0
      Temps:          0       0       0       0       0
      Totals:         0       0       0       0       0
Total ram usage:        0 bytes
 Hardware stack levels used:    1
 Hardware stack levels required when called:    2
 This function calls:
		Nothing
 This function is called by:
		_GledLoop
 This function uses a non-reentrant model


 *************** function _LED_Con *****************
 Defined at:
		line 84 in file "C:\Users\ÍôÇ¿Éý\Desktop\ABM007_79F133(2)\ABM007_79F133\source\light.c"
 Parameters:    Size  Location     Type
		None
 Auto vars:     Size  Location     Type
		None
 Return value:  Size  Location     Type
                  1    wreg      void 
 Registers used:
		wreg, status,2, status,0
 Tracked objects:
		On entry : 
		On exit  : 
		Unchanged: 
 Data sizes:     COMMON   BANK0   BANK1   BANK3   BANK2
      Params:         0       0       0       0       0
      Locals:         0       0       0       0       0
      Temps:          0       0       0       0       0
      Totals:         0       0       0       0       0
Total ram usage:        0 bytes
 Hardware stack levels used:    1
 Hardware stack levels required when called:    2
 This function calls:
		Nothing
 This function is called by:
		_GledLoop
 This function uses a non-reentrant model


 *************** function _GflushLoop *****************
 Defined at:
		line 28 in file "C:\Users\ÍôÇ¿Éý\Desktop\ABM007_79F133(2)\ABM007_79F133\source\flush.c"
 Parameters:    Size  Location     Type
		None
 Auto vars:     Size  Location     Type
		None
 Return value:  Size  Location     Type
                  1    wreg      void 
 Registers used:
		wreg, fsr0l, fsr0h, status,2, status,0, pclath, cstack
 Tracked objects:
		On entry : 
		On exit  : 
		Unchanged: 
 Data sizes:     COMMON   BANK0   BANK1   BANK3   BANK2
      Params:         0       0       0       0       0
      Locals:         0       0       0       0       0
      Temps:          0       0       0       0       0
      Totals:         0       0       0       0       0
Total ram usage:        0 bytes
 Hardware stack levels used:    1
 Hardware stack levels required when called:    3
 This function calls:
		_FlushCon
		_FlushJudge
		_FlushTime
 This function is called by:
		_main
 This function uses a non-reentrant model


 *************** function _FlushTime *****************
 Defined at:
		line 35 in file "C:\Users\ÍôÇ¿Éý\Desktop\ABM007_79F133(2)\ABM007_79F133\source\flush.c"
 Parameters:    Size  Location     Type
		None
 Auto vars:     Size  Location     Type
		None
 Return value:  Size  Location     Type
                  1    wreg      void 
 Registers used:
		None
 Tracked objects:
		On entry : 
		On exit  : 
		Unchanged: 
 Data sizes:     COMMON   BANK0   BANK1   BANK3   BANK2
      Params:         0       0       0       0       0
      Locals:         0       0       0       0       0
      Temps:          0       0       0       0       0
      Totals:         0       0       0       0       0
Total ram usage:        0 bytes
 Hardware stack levels used:    1
 Hardware stack levels required when called:    2
 This function calls:
		Nothing
 This function is called by:
		_GflushLoop
 This function uses a non-reentrant model


 *************** function _FlushJudge *****************
 Defined at:
		line 39 in file "C:\Users\ÍôÇ¿Éý\Desktop\ABM007_79F133(2)\ABM007_79F133\source\flush.c"
 Parameters:    Size  Location     Type
		None
 Auto vars:     Size  Location     Type
		None
 Return value:  Size  Location     Type
                  1    wreg      void 
 Registers used:
		None
 Tracked objects:
		On entry : 
		On exit  : 
		Unchanged: 
 Data sizes:     COMMON   BANK0   BANK1   BANK3   BANK2
      Params:         0       0       0       0       0
      Locals:         0       0       0       0       0
      Temps:          0       0       0       0       0
      Totals:         0       0       0       0       0
Total ram usage:        0 bytes
 Hardware stack levels used:    1
 Hardware stack levels required when called:    2
 This function calls:
		Nothing
 This function is called by:
		_GflushLoop
 This function uses a non-reentrant model


 *************** function _FlushCon *****************
 Defined at:
		line 105 in file "C:\Users\ÍôÇ¿Éý\Desktop\ABM007_79F133(2)\ABM007_79F133\source\flush.c"
 Parameters:    Size  Location     Type
		None
 Auto vars:     Size  Location     Type
		None
 Return value:  Size  Location     Type
                  1    wreg      void 
 Registers used:
		wreg, fsr0l, fsr0h, status,2, status,0
 Tracked objects:
		On entry : 
		On exit  : 
		Unchanged: 
 Data sizes:     COMMON   BANK0   BANK1   BANK3   BANK2
      Params:         0       0       0       0       0
      Locals:         0       0       0       0       0
      Temps:          0       0       0       0       0
      Totals:         0       0       0       0       0
Total ram usage:        0 bytes
 Hardware stack levels used:    1
 Hardware stack levels required when called:    2
 This function calls:
		Nothing
 This function is called by:
		_GflushLoop
 This function uses a non-reentrant model


 *************** function _Delay_nms *****************
 Defined at:
		line 38 in file "C:\Users\ÍôÇ¿Éý\Desktop\ABM007_79F133(2)\ABM007_79F133\source\main.c"
 Parameters:    Size  Location     Type
  inittempl       2    4[COMMON] unsigned int 
 Auto vars:     Size  Location     Type
  i               2    0[BANK0 ] unsigned int 
  gtemp           1    2[BANK0 ] unsigned char 
 Return value:  Size  Location     Type
                  1    wreg      void 
 Registers used:
		wreg, status,2, status,0, pclath, cstack
 Tracked objects:
		On entry : 
		On exit  : 
		Unchanged: 
 Data sizes:     COMMON   BANK0   BANK1   BANK3   BANK2
      Params:         2       0       0       0       0
      Locals:         0       3       0       0       0
      Temps:          0       0       0       0       0
      Totals:         2       3       0       0       0
Total ram usage:        5 bytes
 Hardware stack levels used:    1
 Hardware stack levels required when called:    3
 This function calls:
		_Delay
 This function is called by:
		_main
 This function uses a non-reentrant model


 *************** function _Delay *****************
 Defined at:
		line 30 in file "C:\Users\ÍôÇ¿Éý\Desktop\ABM007_79F133(2)\ABM007_79F133\source\main.c"
 Parameters:    Size  Location     Type
  dtemp           2    2[COMMON] unsigned int 
 Auto vars:     Size  Location     Type
		None
 Return value:  Size  Location     Type
                  1    wreg      void 
 Registers used:
		wreg, status,2, status,0
 Tracked objects:
		On entry : 
		On exit  : 
		Unchanged: 
 Data sizes:     COMMON   BANK0   BANK1   BANK3   BANK2
      Params:         2       0       0       0       0
      Locals:         0       0       0       0       0
      Temps:          0       0       0       0       0
      Totals:         2       0       0       0       0
Total ram usage:        2 bytes
 Hardware stack levels used:    1
 Hardware stack levels required when called:    2
 This function calls:
		Nothing
 This function is called by:
		_Delay_nms
 This function uses a non-reentrant model


 *************** function _Int_ALL *****************
 Defined at:
		line 562 in file "C:\Users\ÍôÇ¿Éý\Desktop\ABM007_79F133(2)\ABM007_79F133\source\main.c"
 Parameters:    Size  Location     Type
		None
 Auto vars:     Size  Location     Type
		None
 Return value:  Size  Location     Type
                  1    wreg      void 
 Registers used:
		wreg, status,2, status,0, pclath, cstack
 Tracked objects:
		On entry : 
		On exit  : 
		Unchanged: 
 Data sizes:     COMMON   BANK0   BANK1   BANK3   BANK2
      Params:         0       0       0       0       0
      Locals:         0       0       0       0       0
      Temps:          2       0       0       0       0
      Totals:         2       0       0       0       0
Total ram usage:        2 bytes
 Hardware stack levels used:    1
 Hardware stack levels required when called:    1
 This function calls:
		_INT_LED_SHOW
 This function is called by:
		Interrupt level 1
 This function uses a non-reentrant model


 *************** function _INT_LED_SHOW *****************
 Defined at:
		line 192 in file "C:\Users\ÍôÇ¿Éý\Desktop\ABM007_79F133(2)\ABM007_79F133\source\light.c"
 Parameters:    Size  Location     Type
		None
 Auto vars:     Size  Location     Type
		None
 Return value:  Size  Location     Type
                  1    wreg      void 
 Registers used:
		wreg, status,2, status,0
 Tracked objects:
		On entry : 
		On exit  : 
		Unchanged: 
 Data sizes:     COMMON   BANK0   BANK1   BANK3   BANK2
      Params:         0       0       0       0       0
      Locals:         0       0       0       0       0
      Temps:          0       0       0       0       0
      Totals:         0       0       0       0       0
Total ram usage:        0 bytes
 Hardware stack levels used:    1
 This function calls:
		Nothing
 This function is called by:
		_Int_ALL
 This function uses a non-reentrant model



MODULE INFORMATION

Module		Function		Class		Link	Load	Size
C:\Users\ÍôÇ¿Éý\Desktop\ABM007_79F133(2)\ABM007_79F133\source\main.c
		_Delay_nms     		CODE           	0370	0000	35
		_Init_TIMER1   		CODE           	03CC	0000	12
		_Init_TIMER2   		CODE           	03C1	0000	12
		_Init_IC       		CODE           	039E	0000	19
		_main          		CODE           	02D1	0000	100
		_Init_GPIO     		CODE           	03B0	0000	18
		_Delay         		CODE           	0392	0000	13
		_Int_ALL       		CODE           	0334	0000	36

C:\Users\ÍôÇ¿Éý\Desktop\ABM007_79F133(2)\ABM007_79F133\source\main.c estimated size: 245

C:\Users\ÍôÇ¿Éý\Desktop\ABM007_79F133(2)\ABM007_79F133\source\sensor.c
		_SensorControl 		CODE           	015B	0000	28
		_GsensorLoop   		CODE           	0118	0000	11
		_SensorKey     		CODE           	0122	0000	2
		_SensorTime    		CODE           	0123	0000	57
		_SensorJudge   		CODE           	0176	0000	144

C:\Users\ÍôÇ¿Éý\Desktop\ABM007_79F133(2)\ABM007_79F133\source\sensor.c estimated size: 242

C:\Users\ÍôÇ¿Éý\Desktop\ABM007_79F133(2)\ABM007_79F133\source\flush.c
		_FlushTime     		CODE           	0026	0000	2
		_FlushCon      		CODE           	0027	0000	193
		_GflushLoop    		CODE           	001F	0000	8
		_FlushJudge    		CODE           	00E7	0000	32

C:\Users\ÍôÇ¿Éý\Desktop\ABM007_79F133(2)\ABM007_79F133\source\flush.c estimated size: 235

C:\Users\ÍôÇ¿Éý\Desktop\ABM007_79F133(2)\ABM007_79F133\source\light.c
		_LED_Time      		CODE           	0219	0000	4
		_LED_Judge     		CODE           	02BD	0000	9
		_LED_Key       		CODE           	0218	0000	2
		_GledLoop      		CODE           	020E	0000	11
		_LED_Con       		CODE           	021C	0000	162
		_INT_LED_SHOW  		CODE           	0357	0000	26

C:\Users\ÍôÇ¿Éý\Desktop\ABM007_79F133(2)\ABM007_79F133\source\light.c estimated size: 214

shared
		PL8            		CODE           	02C5	0000	7
		__initialization		CODE           	000F	0000	13
		PL2            		CODE           	0106	0000	10
		PL10           		CODE           	02CB	0000	7
		PL4            		CODE           	010F	0000	10
		PL6            		CODE           	0205	0000	10

shared estimated size: 57

