Microchip MPLAB XC8 Compiler V1.45 ()

Linker command line:

-W-2 \
  --edf=D:\soft.download\CMS_IDE_V2.03.25\CMS_IDE_V2.03.25\data\dat\en_msgs.txt \
  -cs -h+ABM007_FM03.sym --cmf=ABM007_FM03.cmf -z -Q79F133 \
  -oC:\Users\ÍôÇ¿Éý\AppData\Local\Temp\skrk.2 -MABM007_FM03.map -E1 \
  -ver=XC8 -ASTACK=0A0h-0efh -pstack=STACK -ACODE=00h-07FFhx4 \
  -ASTRCODE=00h-01FFFh -ASTRING=00h-0FFhx32 -ACONST=00h-0FFhx32 \
  -AENTRY=00h-0FFhx32 -ACOMMON=070h-07Fh -ABANK0=020h-06Fh \
  -ABANK1=0A0h-0EFh -ABANK2=0120h-016Fh -ABANK3=01A0h-01EFh \
  -ARAM=020h-06Fh,0A0h-0EFh,0120h-016Fh,01A0h-01EFh \
  -AABS1=020h-07Fh,0A0h-0EFh,0120h-016Fh,01A0h-01EFh -ASFR0=00h-01Fh \
  -ASFR1=080h-09Fh -ASFR2=0100h-011Fh -ASFR3=0180h-019Fh \
  -preset_vec=00h,intentry=04h,init,end_init -ppowerup=CODE -pcinit=CODE \
  -pfunctab=ENTRY -ACONFIG=02007h-02008h -pconfig=CONFIG -DCONFIG=2 \
  -AIDLOC=02000h-02003h -pidloc=IDLOC -DIDLOC=2 -DCODE=2 -DSTRCODE=2 \
  -DSTRING=2 -DCONST=2 -DENTRY=2 -k startup.obj ABM007_FM03.obj 

Object code version is 3.11

Machine type is 79F133



                Name                               Link     Load   Length Selector   Space Scale
startup.obj     end_init                              C        C        3        8       0
                reset_vec                             0        0        3        0       0
ABM007_FM03.obj cinit                                 F        F        D        8       0
                intentry                              4        4        8        8       0
                text31                              416      416       3D        8       0
                text22                              326      326       81        8       0
                text15                               1C       1C      214        8       0
                text10                              453      453       20        8       0
                text5                               230      230       F6        8       0
                text4                               473      473       15        8       0
                text3                               488      488       12        8       0
                text2                               49A      49A        D        8       0
                text1                               4A7      4A7        B        8       0
                maintext                            3A7      3A7       6F        8       0
                cstackBANK0                          5A       5A        7       20       1
                cstackCOMMON                         70       70        9       70       1
                clrtext                             4B2      4B2        8        8       0
                bssBANK0                             20       20       3A       20       1
                bssCOMMON                            79       79        2       70       1

TOTAL           Name                               Link     Load   Length     Space
        CLASS   STACK          

        CLASS   CODE           
                end_init                              C        C        3         0
                cinit                                 F        F        D         0
                intentry                              4        4        8         0
                reset_vec                             0        0        3         0
                text31                              416      416       3D         0
                text22                              326      326       81         0
                text15                               1C       1C      214         0
                text10                              453      453       20         0
                text5                               230      230       F6         0
                text4                               473      473       15         0
                text3                               488      488       12         0
                text2                               49A      49A        D         0
                text1                               4A7      4A7        B         0
                maintext                            3A7      3A7       6F         0
                clrtext                             4B2      4B2        8         0

        CLASS   STRCODE        

        CLASS   STRING         

        CLASS   CONST          

        CLASS   ENTRY          

        CLASS   COMMON         
                cstackCOMMON                         70       70        9         1
                bssCOMMON                            79       79        2         1

        CLASS   BANK0          
                cstackBANK0                          5A       5A        7         1
                bssBANK0                             20       20       3A         1

        CLASS   BANK1          

        CLASS   BANK2          

        CLASS   BANK3          

        CLASS   RAM            

        CLASS   ABS1           
                abs_s1                               7E       7E        2         1

        CLASS   SFR0           

        CLASS   SFR1           

        CLASS   SFR2           

        CLASS   SFR3           

        CLASS   CONFIG         

        CLASS   IDLOC          

        CLASS   EEDATA         



SEGMENTS        Name                           Load    Length   Top    Selector   Space  Class     Delta

                reset_vec                      000000  000003  000003         0       0  CODE        2
                intentry                       000004  0004B6  0004BA         8       0  CODE        2
                bssBANK0                       000020  000041  000061        20       1  BANK0       1
                cstackCOMMON                   000070  00000B  00007B        70       1  COMMON      1


UNUSED ADDRESS RANGES

        Name                Unused          Largest block    Delta
        BANK0            061-06F             F           1
        BANK1            0A0-0EF            50           1
        BANK2            120-16F            50           1
        BANK3            1A0-1EF            50           1
        CODE             003-003             1           2
                         4BA-1FFF           800
        COMMON           07B-07D             3           1
        CONFIG           2007-2008             2           2
        CONST            003-003             1           2
                         4BA-1FFF           100
        ENTRY            003-003             1           2
                         4BA-1FFF           100
        IDLOC            2000-2003             4           2
        RAM              061-06F             F           1
                         0A0-0EF            50
                         120-16F            50
                         1A0-1EF            50
        SFR0             000-01F            20           1
        SFR1             080-09F            20           1
        SFR2             100-11F            20           1
        SFR3             180-19F            20           1
        STACK            0A0-0EF            50           1
        STRCODE          003-003             1           2
                         4BA-1FFF          1B46
        STRING           003-003             1           2
                         4BA-1FFF           100

                                  Symbol Table

Delay@dtemp              cstackCOMMON 072
Delay_nms@gtemp          cstackCOMMON 078
Delay_nms@i              cstackCOMMON 076
Delay_nms@inittempl      cstackCOMMON 074
FlushJudge@Key_Step      cstackCOMMON 076
KeyControl@this          cstackBANK0  060
PL2                      text15       215
PL4                      text15       21F
PL6                      text15       229
PL8                      text5        31D
ScanKey@line_num         cstackCOMMON 072
_AD_Result               bssBANK0     036
_BufCntAdd               bssBANK0     02E
_CNTbodyExitTime         bssBANK0     02A
_CNTbodyInTime           bssBANK0     02C
_CNTbody_h               bssBANK0     032
_CNTbody_l               bssBANK0     030
_CNTbreath_Led           bssBANK0     040
_CNTbreath_Led1          bssBANK0     03E
_CNTbreath_Led2          bssBANK0     03C
_CNTbreath_Led3          bssBANK0     03A
_CNTfct                  bssBANK0     026
_CNTfctFlashLed          bssBANK0     043
_CNTfctSensior           bssBANK0     044
_CNTfctStart             bssBANK0     028
_CNTflush                bssBANK0     034
_CNTkey1                 bssBANK0     024
_CNTkey2                 bssBANK0     022
_CurrentIO               bssBANK0     042
_Delay                   text22       39B
_Delay_nms               text22       37C
_FCTjudge                text22       32A
_FCTkey                  text22       360
_FCTloop                 text22       326
_Fbodysensor             bssCOMMON    07A
_Fflush1                 bssBANK0     048
_FledBits01              bssBANK0     04D
_FlushCon                text15       024
_FlushJudge              text15       0EC
_FlushTime               text15       023
_Fsys1                   bssBANK0     050
_Fsys1m                  bssBANK0     04E
_Fsys1s                  bssBANK0     04F
_GIE                     (abs)        05F
_G_KEY                   text22       34C
_GflushLoop              text15       01C
_GkeyLoop                text15       11B
_GledLoop                text10       453
_GsensorLoop             text5        230
_INTCON                  (abs)        00B
_INT_LED_SHOW            text31       439
_Init_GPIO               text4        473
_Init_IC                 text3        488
_Init_TIMER1             text2        49A
_Init_TIMER2             text1        4A7
_Int_ALL                 text31       416
_KeyControl              text15       185
_KeyControl$3140         cstackBANK0  05A
_KeyControl$3141         cstackBANK0  05C
_KeyControl$3142         cstackBANK0  05E
_KeyLines                bssBANK0     052
_LED_Con                 text10       461
_LED_Judge               text10       46B
_LED_Key                 text10       45D
_LED_Time                text10       45E
_MainTime_1min           bssBANK0     049
_MainTime_1s             bssBANK0     038
_OPTION_REG              (abs)        081
_OSCCON                  (abs)        08F
_PIE1                    (abs)        08C
_PIE2                    (abs)        08D
_PIR1                    (abs)        00C
_PIR2                    (abs)        00D
_PORTA                   (abs)        005
_PORTB                   (abs)        006
_PORTC                   (abs)        007
_PR2                     (abs)        092
_RA1                     (abs)        029
_RA2                     (abs)        02A
_RA4                     (abs)        02C
_RA5                     (abs)        02D
_RA6                     (abs)        02E
_RB0                     (abs)        030
_RB1                     (abs)        031
_RB2                     (abs)        032
_RX_Buf                  bssBANK0     04C
_R_KEY                   text22       351
_SEQbody                 bssBANK0     045
_SEQflsuh                bssBANK0     047
_SEQmain                 bssBANK0     04A
_ScanKey                 text15       202
_SeletedLine             bssCOMMON    079
_SensorControl           text5        273
_SensorJudge             text5        28E
_SensorKey               text5        23A
_SensorTime              text5        23B
_T1CON                   (abs)        010
_T2CON                   (abs)        012
_TMR1                    (abs)        00E
_TMR1IE                  (abs)        460
_TMR1IF                  (abs)        060
_TMR2IE                  (abs)        461
_TMR2IF                  (abs)        061
_TRISA                   (abs)        085
_TRISB                   (abs)        086
_TRISC                   (abs)        087
_WDTCON                  (abs)        105
_WPUA                    (abs)        18E
_WPUB                    (abs)        095
_WPUC                    (abs)        18F
__Habs1                  abs1         000
__Hbank0                 bank0        000
__Hbank1                 bank1        000
__Hbank2                 bank2        000
__Hbank3                 bank3        000
__HbssBANK0              bssBANK0     000
__HbssCOMMON             bssCOMMON    000
__Hcinit                 cinit        01C
__Hclrtext               clrtext      000
__Hcode                  code         000
__Hcommon                common       000
__Hconfig                config       000
__HcstackBANK0           cstackBANK0  000
__HcstackCOMMON          cstackCOMMON 000
__Heeprom_data           eeprom_data  000
__Hend_init              end_init     00F
__Hfunctab               functab      000
__Hidloc                 idloc        000
__Hinit                  init         00C
__Hintentry              intentry     00C
__Hmaintext              maintext     000
__Hpa_nodes0             pa_nodes0    000
__Hpowerup               powerup      000
__Hram                   ram          000
__Hreset_vec             reset_vec    003
__Hsfr0                  sfr0         000
__Hsfr1                  sfr1         000
__Hsfr2                  sfr2         000
__Hsfr3                  sfr3         000
__Hspace_0               (abs)        4BA
__Hspace_1               (abs)        07B
__Hspace_2               (abs)        000
__Hspace_3               (abs)        000
__Hstack                 stack        000
__Hstrings               strings      000
__Htext                  text         000
__Labs1                  abs1         000
__Lbank0                 bank0        000
__Lbank1                 bank1        000
__Lbank2                 bank2        000
__Lbank3                 bank3        000
__LbssBANK0              bssBANK0     000
__LbssCOMMON             bssCOMMON    000
__Lcinit                 cinit        00F
__Lclrtext               clrtext      000
__Lcode                  code         000
__Lcommon                common       000
__Lconfig                config       000
__LcstackBANK0           cstackBANK0  000
__LcstackCOMMON          cstackCOMMON 000
__Leeprom_data           eeprom_data  000
__Lend_init              end_init     00C
__Lfunctab               functab      000
__Lidloc                 idloc        000
__Linit                  init         00C
__Lintentry              intentry     004
__Lmaintext              maintext     000
__Lpa_nodes0             pa_nodes0    000
__Lpowerup               powerup      000
__Lram                   ram          000
__Lreset_vec             reset_vec    000
__Lsfr0                  sfr0         000
__Lsfr1                  sfr1         000
__Lsfr2                  sfr2         000
__Lsfr3                  sfr3         000
__Lspace_0               (abs)        000
__Lspace_1               (abs)        000
__Lspace_2               (abs)        000
__Lspace_3               (abs)        000
__Lstack                 stack        000
__Lstrings               strings      000
__Ltext                  text         000
__S0                     (abs)        4BA
__S1                     (abs)        07B
__S2                     (abs)        000
___int_sp                stack        000
___latbits               (abs)        002
___sp                    stack        000
__end_ofPL2              text15       21F
__end_ofPL4              text15       229
__end_ofPL6              text15       230
__end_ofPL8              text5        326
__end_of_Delay           text22       3A7
__end_of_Delay_nms       text22       39B
__end_of_FCTjudge        text22       34C
__end_of_FCTkey          text22       37C
__end_of_FCTloop         text22       32A
__end_of_FlushCon        text15       0EC
__end_of_FlushJudge      text15       11B
__end_of_FlushTime       text15       024
__end_of_G_KEY           text22       351
__end_of_GflushLoop      text15       023
__end_of_GkeyLoop        text15       185
__end_of_GledLoop        text10       45D
__end_of_GsensorLoop     text5        23A
__end_of_INT_LED_SHOW    text31       453
__end_of_Init_GPIO       text4        488
__end_of_Init_IC         text3        49A
__end_of_Init_TIMER1     text2        4A7
__end_of_Init_TIMER2     text1        4B2
__end_of_Int_ALL         text31       439
__end_of_KeyControl      text15       202
__end_of_LED_Con         text10       46B
__end_of_LED_Judge       text10       473
__end_of_LED_Key         text10       45E
__end_of_LED_Time        text10       461
__end_of_R_KEY           text22       356
__end_of_ScanKey         text15       215
__end_of_SensorControl   text5        28E
__end_of_SensorJudge     text5        31D
__end_of_SensorKey       text5        23B
__end_of_SensorTime      text5        273
__end_of__initialization cinit        018
__end_of_key1            text22       35B
__end_of_key2            text22       360
__end_of_main            maintext     416
__initialization         cinit        00F
__pbssBANK0              bssBANK0     020
__pbssCOMMON             bssCOMMON    079
__pcstackBANK0           cstackBANK0  05A
__pcstackCOMMON          cstackCOMMON 070
__pintentry              intentry     004
__pmaintext              maintext     3A7
__ptext0                 text0        000
__ptext1                 text1        4A7
__ptext10                text10       453
__ptext11                text10       45E
__ptext12                text10       45D
__ptext13                text10       46B
__ptext14                text10       461
__ptext15                text15       01C
__ptext16                text15       023
__ptext17                text15       0EC
__ptext18                text15       11B
__ptext19                text15       202
__ptext2                 text2        49A
__ptext20                text15       185
__ptext21                text15       024
__ptext22                text22       326
__ptext23                text22       360
__ptext24                text22       37C
__ptext25                text22       39B
__ptext26                text22       32A
__ptext27                text22       35B
__ptext28                text22       356
__ptext29                text22       351
__ptext3                 text3        488
__ptext30                text22       34C
__ptext31                text31       416
__ptext32                text31       439
__ptext4                 text4        473
__ptext5                 text5        230
__ptext6                 text5        23B
__ptext7                 text5        23A
__ptext8                 text5        28E
__ptext9                 text5        273
__size_of_Delay          (abs)        000
__size_of_Delay_nms      (abs)        000
__size_of_FCTjudge       (abs)        000
__size_of_FCTkey         (abs)        000
__size_of_FCTloop        (abs)        000
__size_of_FlushCon       (abs)        000
__size_of_FlushJudge     (abs)        000
__size_of_FlushTime      (abs)        000
__size_of_G_KEY          (abs)        000
__size_of_GflushLoop     (abs)        000
__size_of_GkeyLoop       (abs)        000
__size_of_GledLoop       (abs)        000
__size_of_GsensorLoop    (abs)        000
__size_of_INT_LED_SHOW   (abs)        000
__size_of_Init_GPIO      (abs)        000
__size_of_Init_IC        (abs)        000
__size_of_Init_TIMER1    (abs)        000
__size_of_Init_TIMER2    (abs)        000
__size_of_Int_ALL        (abs)        000
__size_of_KeyControl     (abs)        000
__size_of_LED_Con        (abs)        000
__size_of_LED_Judge      (abs)        000
__size_of_LED_Key        (abs)        000
__size_of_LED_Time       (abs)        000
__size_of_R_KEY          (abs)        000
__size_of_ScanKey        (abs)        000
__size_of_SensorControl  (abs)        000
__size_of_SensorJudge    (abs)        000
__size_of_SensorKey      (abs)        000
__size_of_SensorTime     (abs)        000
__size_of_key1           (abs)        000
__size_of_key2           (abs)        000
__size_of_main           (abs)        000
_fctBits001              bssBANK0     051
_flag_time               bssBANK0     020
_key1                    text22       356
_key2                    text22       35B
_main                    maintext     3A7
_templ                   bssBANK0     04B
_u8stsBodySensor         bssBANK0     046
btemp                    (abs)        07E
clear_ram0               clrtext      4B2
end_of_initialization    cinit        018
interrupt_function       intentry     004
intlevel0                functab      000
intlevel1                functab      000
intlevel2                functab      000
intlevel3                functab      000
intlevel4                functab      000
intlevel5                functab      000
reset_vec                reset_vec    000
saved_w                  (abs)        07E
stackhi                  (abs)        000
stacklo                  (abs)        000
start                    init         00C
start_initialization     cinit        00F
wtemp0                   (abs)        07E


FUNCTION INFORMATION:

 *************** function _main *****************
 Defined at:
		line 473 in file "C:\Users\ÍôÇ¿Éý\Desktop\ABM007_79F133_\ABM007_79F133\source\main.c"
 Parameters:    Size  Location     Type
		None
 Auto vars:     Size  Location     Type
		None
 Return value:  Size  Location     Type
                  1    wreg      void 
 Registers used:
		wreg, fsr0l, fsr0h, status,2, status,0, pclath, cstack
 Tracked objects:
		On entry : 
		On exit  : 
		Unchanged: 
 Data sizes:     COMMON   BANK0   BANK1   BANK3   BANK2
      Params:         0       0       0       0       0
      Locals:         0       0       0       0       0
      Temps:          0       0       0       0       0
      Totals:         0       0       0       0       0
Total ram usage:        0 bytes
 Hardware stack levels required when called:    6
 This function calls:
		_Delay_nms
		_FCTloop
		_GflushLoop
		_GledLoop
		_GsensorLoop
		_Init_GPIO
		_Init_IC
		_Init_TIMER1
		_Init_TIMER2
 This function is called by:
		Startup code after reset
 This function uses a non-reentrant model


 *************** function _Init_TIMER2 *****************
 Defined at:
		line 174 in file "C:\Users\ÍôÇ¿Éý\Desktop\ABM007_79F133_\ABM007_79F133\source\main.c"
 Parameters:    Size  Location     Type
		None
 Auto vars:     Size  Location     Type
		None
 Return value:  Size  Location     Type
                  1    wreg      void 
 Registers used:
		wreg
 Tracked objects:
		On entry : 
		On exit  : 
		Unchanged: 
 Data sizes:     COMMON   BANK0   BANK1   BANK3   BANK2
      Params:         0       0       0       0       0
      Locals:         0       0       0       0       0
      Temps:          0       0       0       0       0
      Totals:         0       0       0       0       0
Total ram usage:        0 bytes
 Hardware stack levels used:    1
 Hardware stack levels required when called:    2
 This function calls:
		Nothing
 This function is called by:
		_main
 This function uses a non-reentrant model


 *************** function _Init_TIMER1 *****************
 Defined at:
		line 152 in file "C:\Users\ÍôÇ¿Éý\Desktop\ABM007_79F133_\ABM007_79F133\source\main.c"
 Parameters:    Size  Location     Type
		None
 Auto vars:     Size  Location     Type
		None
 Return value:  Size  Location     Type
                  1    wreg      void 
 Registers used:
		wreg
 Tracked objects:
		On entry : 
		On exit  : 
		Unchanged: 
 Data sizes:     COMMON   BANK0   BANK1   BANK3   BANK2
      Params:         0       0       0       0       0
      Locals:         0       0       0       0       0
      Temps:          0       0       0       0       0
      Totals:         0       0       0       0       0
Total ram usage:        0 bytes
 Hardware stack levels used:    1
 Hardware stack levels required when called:    2
 This function calls:
		Nothing
 This function is called by:
		_main
 This function uses a non-reentrant model


 *************** function _Init_IC *****************
 Defined at:
		line 96 in file "C:\Users\ÍôÇ¿Éý\Desktop\ABM007_79F133_\ABM007_79F133\source\main.c"
 Parameters:    Size  Location     Type
		None
 Auto vars:     Size  Location     Type
		None
 Return value:  Size  Location     Type
                  1    wreg      void 
 Registers used:
		wreg, status,2
 Tracked objects:
		On entry : 
		On exit  : 
		Unchanged: 
 Data sizes:     COMMON   BANK0   BANK1   BANK3   BANK2
      Params:         0       0       0       0       0
      Locals:         0       0       0       0       0
      Temps:          0       0       0       0       0
      Totals:         0       0       0       0       0
Total ram usage:        0 bytes
 Hardware stack levels used:    1
 Hardware stack levels required when called:    2
 This function calls:
		Nothing
 This function is called by:
		_main
 This function uses a non-reentrant model


 *************** function _Init_GPIO *****************
 Defined at:
		line 62 in file "C:\Users\ÍôÇ¿Éý\Desktop\ABM007_79F133_\ABM007_79F133\source\main.c"
 Parameters:    Size  Location     Type
		None
 Auto vars:     Size  Location     Type
		None
 Return value:  Size  Location     Type
                  1    wreg      void 
 Registers used:
		wreg, status,2
 Tracked objects:
		On entry : 
		On exit  : 
		Unchanged: 
 Data sizes:     COMMON   BANK0   BANK1   BANK3   BANK2
      Params:         0       0       0       0       0
      Locals:         0       0       0       0       0
      Temps:          0       0       0       0       0
      Totals:         0       0       0       0       0
Total ram usage:        0 bytes
 Hardware stack levels used:    1
 Hardware stack levels required when called:    2
 This function calls:
		Nothing
 This function is called by:
		_main
 This function uses a non-reentrant model


 *************** function _GsensorLoop *****************
 Defined at:
		line 19 in file "C:\Users\ÍôÇ¿Éý\Desktop\ABM007_79F133_\ABM007_79F133\source\sensor.c"
 Parameters:    Size  Location     Type
		None
 Auto vars:     Size  Location     Type
		None
 Return value:  Size  Location     Type
                  1    wreg      void 
 Registers used:
		wreg, fsr0l, fsr0h, status,2, status,0, pclath, cstack
 Tracked objects:
		On entry : 
		On exit  : 
		Unchanged: 
 Data sizes:     COMMON   BANK0   BANK1   BANK3   BANK2
      Params:         0       0       0       0       0
      Locals:         0       0       0       0       0
      Temps:          0       0       0       0       0
      Totals:         0       0       0       0       0
Total ram usage:        0 bytes
 Hardware stack levels used:    1
 Hardware stack levels required when called:    3
 This function calls:
		_SensorControl
		_SensorJudge
		_SensorKey
		_SensorTime
 This function is called by:
		_main
 This function uses a non-reentrant model


 *************** function _SensorTime *****************
 Defined at:
		line 33 in file "C:\Users\ÍôÇ¿Éý\Desktop\ABM007_79F133_\ABM007_79F133\source\sensor.c"
 Parameters:    Size  Location     Type
		None
 Auto vars:     Size  Location     Type
		None
 Return value:  Size  Location     Type
                  1    wreg      void 
 Registers used:
		wreg, status,2, status,0
 Tracked objects:
		On entry : 
		On exit  : 
		Unchanged: 
 Data sizes:     COMMON   BANK0   BANK1   BANK3   BANK2
      Params:         0       0       0       0       0
      Locals:         0       0       0       0       0
      Temps:          0       0       0       0       0
      Totals:         0       0       0       0       0
Total ram usage:        0 bytes
 Hardware stack levels used:    1
 Hardware stack levels required when called:    2
 This function calls:
		Nothing
 This function is called by:
		_GsensorLoop
 This function uses a non-reentrant model


 *************** function _SensorKey *****************
 Defined at:
		line 27 in file "C:\Users\ÍôÇ¿Éý\Desktop\ABM007_79F133_\ABM007_79F133\source\sensor.c"
 Parameters:    Size  Location     Type
		None
 Auto vars:     Size  Location     Type
		None
 Return value:  Size  Location     Type
                  1    wreg      void 
 Registers used:
		None
 Tracked objects:
		On entry : 
		On exit  : 
		Unchanged: 
 Data sizes:     COMMON   BANK0   BANK1   BANK3   BANK2
      Params:         0       0       0       0       0
      Locals:         0       0       0       0       0
      Temps:          0       0       0       0       0
      Totals:         0       0       0       0       0
Total ram usage:        0 bytes
 Hardware stack levels used:    1
 Hardware stack levels required when called:    2
 This function calls:
		Nothing
 This function is called by:
		_GsensorLoop
 This function uses a non-reentrant model


 *************** function _SensorJudge *****************
 Defined at:
		line 73 in file "C:\Users\ÍôÇ¿Éý\Desktop\ABM007_79F133_\ABM007_79F133\source\sensor.c"
 Parameters:    Size  Location     Type
		None
 Auto vars:     Size  Location     Type
		None
 Return value:  Size  Location     Type
                  1    wreg      void 
 Registers used:
		wreg, fsr0l, fsr0h, status,2, status,0
 Tracked objects:
		On entry : 
		On exit  : 
		Unchanged: 
 Data sizes:     COMMON   BANK0   BANK1   BANK3   BANK2
      Params:         0       0       0       0       0
      Locals:         0       0       0       0       0
      Temps:          0       0       0       0       0
      Totals:         0       0       0       0       0
Total ram usage:        0 bytes
 Hardware stack levels used:    1
 Hardware stack levels required when called:    2
 This function calls:
		Nothing
 This function is called by:
		_GsensorLoop
 This function uses a non-reentrant model


 *************** function _SensorControl *****************
 Defined at:
		line 179 in file "C:\Users\ÍôÇ¿Éý\Desktop\ABM007_79F133_\ABM007_79F133\source\sensor.c"
 Parameters:    Size  Location     Type
		None
 Auto vars:     Size  Location     Type
		None
 Return value:  Size  Location     Type
                  1    wreg      void 
 Registers used:
		wreg
 Tracked objects:
		On entry : 
		On exit  : 
		Unchanged: 
 Data sizes:     COMMON   BANK0   BANK1   BANK3   BANK2
      Params:         0       0       0       0       0
      Locals:         0       0       0       0       0
      Temps:          1       0       0       0       0
      Totals:         1       0       0       0       0
Total ram usage:        1 bytes
 Hardware stack levels used:    1
 Hardware stack levels required when called:    2
 This function calls:
		Nothing
 This function is called by:
		_GsensorLoop
 This function uses a non-reentrant model


 *************** function _GledLoop *****************
 Defined at:
		line 16 in file "C:\Users\ÍôÇ¿Éý\Desktop\ABM007_79F133_\ABM007_79F133\source\light.c"
 Parameters:    Size  Location     Type
		None
 Auto vars:     Size  Location     Type
		None
 Return value:  Size  Location     Type
                  1    wreg      void 
 Registers used:
		status,2, status,0, pclath, cstack
 Tracked objects:
		On entry : 
		On exit  : 
		Unchanged: 
 Data sizes:     COMMON   BANK0   BANK1   BANK3   BANK2
      Params:         0       0       0       0       0
      Locals:         0       0       0       0       0
      Temps:          0       0       0       0       0
      Totals:         0       0       0       0       0
Total ram usage:        0 bytes
 Hardware stack levels used:    1
 Hardware stack levels required when called:    3
 This function calls:
		_LED_Con
		_LED_Judge
		_LED_Key
		_LED_Time
 This function is called by:
		_main
 This function uses a non-reentrant model


 *************** function _LED_Time *****************
 Defined at:
		line 45 in file "C:\Users\ÍôÇ¿Éý\Desktop\ABM007_79F133_\ABM007_79F133\source\light.c"
 Parameters:    Size  Location     Type
		None
 Auto vars:     Size  Location     Type
		None
 Return value:  Size  Location     Type
                  1    wreg      void 
 Registers used:
		None
 Tracked objects:
		On entry : 
		On exit  : 
		Unchanged: 
 Data sizes:     COMMON   BANK0   BANK1   BANK3   BANK2
      Params:         0       0       0       0       0
      Locals:         0       0       0       0       0
      Temps:          0       0       0       0       0
      Totals:         0       0       0       0       0
Total ram usage:        0 bytes
 Hardware stack levels used:    1
 Hardware stack levels required when called:    2
 This function calls:
		Nothing
 This function is called by:
		_GledLoop
 This function uses a non-reentrant model


 *************** function _LED_Key *****************
 Defined at:
		line 24 in file "C:\Users\ÍôÇ¿Éý\Desktop\ABM007_79F133_\ABM007_79F133\source\light.c"
 Parameters:    Size  Location     Type
		None
 Auto vars:     Size  Location     Type
		None
 Return value:  Size  Location     Type
                  1    wreg      void 
 Registers used:
		None
 Tracked objects:
		On entry : 
		On exit  : 
		Unchanged: 
 Data sizes:     COMMON   BANK0   BANK1   BANK3   BANK2
      Params:         0       0       0       0       0
      Locals:         0       0       0       0       0
      Temps:          0       0       0       0       0
      Totals:         0       0       0       0       0
Total ram usage:        0 bytes
 Hardware stack levels used:    1
 Hardware stack levels required when called:    2
 This function calls:
		Nothing
 This function is called by:
		_GledLoop
 This function uses a non-reentrant model


 *************** function _LED_Judge *****************
 Defined at:
		line 53 in file "C:\Users\ÍôÇ¿Éý\Desktop\ABM007_79F133_\ABM007_79F133\source\light.c"
 Parameters:    Size  Location     Type
		None
 Auto vars:     Size  Location     Type
		None
 Return value:  Size  Location     Type
                  1    wreg      void 
 Registers used:
		None
 Tracked objects:
		On entry : 
		On exit  : 
		Unchanged: 
 Data sizes:     COMMON   BANK0   BANK1   BANK3   BANK2
      Params:         0       0       0       0       0
      Locals:         0       0       0       0       0
      Temps:          0       0       0       0       0
      Totals:         0       0       0       0       0
Total ram usage:        0 bytes
 Hardware stack levels used:    1
 Hardware stack levels required when called:    2
 This function calls:
		Nothing
 This function is called by:
		_GledLoop
 This function uses a non-reentrant model


 *************** function _LED_Con *****************
 Defined at:
		line 84 in file "C:\Users\ÍôÇ¿Éý\Desktop\ABM007_79F133_\ABM007_79F133\source\light.c"
 Parameters:    Size  Location     Type
		None
 Auto vars:     Size  Location     Type
		None
 Return value:  Size  Location     Type
                  1    wreg      void 
 Registers used:
		None
 Tracked objects:
		On entry : 
		On exit  : 
		Unchanged: 
 Data sizes:     COMMON   BANK0   BANK1   BANK3   BANK2
      Params:         0       0       0       0       0
      Locals:         0       0       0       0       0
      Temps:          0       0       0       0       0
      Totals:         0       0       0       0       0
Total ram usage:        0 bytes
 Hardware stack levels used:    1
 Hardware stack levels required when called:    2
 This function calls:
		Nothing
 This function is called by:
		_GledLoop
 This function uses a non-reentrant model


 *************** function _GflushLoop *****************
 Defined at:
		line 15 in file "C:\Users\ÍôÇ¿Éý\Desktop\ABM007_79F133_\ABM007_79F133\source\flush.c"
 Parameters:    Size  Location     Type
		None
 Auto vars:     Size  Location     Type
		None
 Return value:  Size  Location     Type
                  1    wreg      void 
 Registers used:
		wreg, fsr0l, fsr0h, status,2, status,0, pclath, cstack
 Tracked objects:
		On entry : 
		On exit  : 
		Unchanged: 
 Data sizes:     COMMON   BANK0   BANK1   BANK3   BANK2
      Params:         0       0       0       0       0
      Locals:         0       0       0       0       0
      Temps:          0       0       0       0       0
      Totals:         0       0       0       0       0
Total ram usage:        0 bytes
 Hardware stack levels used:    1
 Hardware stack levels required when called:    5
 This function calls:
		_FlushCon
		_FlushJudge
		_FlushTime
 This function is called by:
		_main
 This function uses a non-reentrant model


 *************** function _FlushTime *****************
 Defined at:
		line 22 in file "C:\Users\ÍôÇ¿Éý\Desktop\ABM007_79F133_\ABM007_79F133\source\flush.c"
 Parameters:    Size  Location     Type
		None
 Auto vars:     Size  Location     Type
		None
 Return value:  Size  Location     Type
                  1    wreg      void 
 Registers used:
		None
 Tracked objects:
		On entry : 
		On exit  : 
		Unchanged: 
 Data sizes:     COMMON   BANK0   BANK1   BANK3   BANK2
      Params:         0       0       0       0       0
      Locals:         0       0       0       0       0
      Temps:          0       0       0       0       0
      Totals:         0       0       0       0       0
Total ram usage:        0 bytes
 Hardware stack levels used:    1
 Hardware stack levels required when called:    2
 This function calls:
		Nothing
 This function is called by:
		_GflushLoop
 This function uses a non-reentrant model


 *************** function _FlushJudge *****************
 Defined at:
		line 26 in file "C:\Users\ÍôÇ¿Éý\Desktop\ABM007_79F133_\ABM007_79F133\source\flush.c"
 Parameters:    Size  Location     Type
		None
 Auto vars:     Size  Location     Type
  Key_Step        1    6[COMMON] unsigned char 
 Return value:  Size  Location     Type
                  1    wreg      void 
 Registers used:
		wreg, fsr0l, fsr0h, status,2, status,0, pclath, cstack
 Tracked objects:
		On entry : 
		On exit  : 
		Unchanged: 
 Data sizes:     COMMON   BANK0   BANK1   BANK3   BANK2
      Params:         0       0       0       0       0
      Locals:         1       0       0       0       0
      Temps:          0       0       0       0       0
      Totals:         1       0       0       0       0
Total ram usage:        1 bytes
 Hardware stack levels used:    1
 Hardware stack levels required when called:    4
 This function calls:
		_GkeyLoop
 This function is called by:
		_GflushLoop
 This function uses a non-reentrant model


 *************** function _GkeyLoop *****************
 Defined at:
		line 7 in file "C:\Users\ÍôÇ¿Éý\Desktop\ABM007_79F133_\ABM007_79F133\source\key.c"
 Parameters:    Size  Location     Type
		None
 Auto vars:     Size  Location     Type
		None
 Return value:  Size  Location     Type
                  1    wreg      unsigned char 
 Registers used:
		wreg, fsr0l, fsr0h, status,2, status,0, pclath, cstack
 Tracked objects:
		On entry : 
		On exit  : 
		Unchanged: 
 Data sizes:     COMMON   BANK0   BANK1   BANK3   BANK2
      Params:         0       0       0       0       0
      Locals:         0       0       0       0       0
      Temps:          2       0       0       0       0
      Totals:         2       0       0       0       0
Total ram usage:        2 bytes
 Hardware stack levels used:    1
 Hardware stack levels required when called:    3
 This function calls:
		_KeyControl
		_ScanKey
 This function is called by:
		_FlushJudge
 This function uses a non-reentrant model


 *************** function _ScanKey *****************
 Defined at:
		line 45 in file "C:\Users\ÍôÇ¿Éý\Desktop\ABM007_79F133_\ABM007_79F133\source\key.c"
 Parameters:    Size  Location     Type
  line_num        1    wreg     enum E876
 Auto vars:     Size  Location     Type
  line_num        1    2[COMMON] enum E876
 Return value:  Size  Location     Type
                  1    wreg      unsigned char 
 Registers used:
		wreg, fsr0l, fsr0h, status,2, status,0
 Tracked objects:
		On entry : 
		On exit  : 
		Unchanged: 
 Data sizes:     COMMON   BANK0   BANK1   BANK3   BANK2
      Params:         0       0       0       0       0
      Locals:         1       0       0       0       0
      Temps:          0       0       0       0       0
      Totals:         1       0       0       0       0
Total ram usage:        1 bytes
 Hardware stack levels used:    1
 Hardware stack levels required when called:    2
 This function calls:
		Nothing
 This function is called by:
		_GkeyLoop
 This function uses a non-reentrant model


 *************** function _KeyControl *****************
 Defined at:
		line 58 in file "C:\Users\ÍôÇ¿Éý\Desktop\ABM007_79F133_\ABM007_79F133\source\key.c"
 Parameters:    Size  Location     Type
  this            1    wreg     PTR struct _KEY_PRIVATE
		 -> KeyLines(8), 
 Auto vars:     Size  Location     Type
  this            1    6[BANK0 ] PTR struct _KEY_PRIVATE
		 -> KeyLines(8), 
 Return value:  Size  Location     Type
                  1    wreg      unsigned char 
 Registers used:
		wreg, fsr0l, fsr0h, status,2, status,0
 Tracked objects:
		On entry : 
		On exit  : 
		Unchanged: 
 Data sizes:     COMMON   BANK0   BANK1   BANK3   BANK2
      Params:         0       0       0       0       0
      Locals:         0       7       0       0       0
      Temps:          2       0       0       0       0
      Totals:         2       7       0       0       0
Total ram usage:        9 bytes
 Hardware stack levels used:    1
 Hardware stack levels required when called:    2
 This function calls:
		Nothing
 This function is called by:
		_GkeyLoop
 This function uses a non-reentrant model


 *************** function _FlushCon *****************
 Defined at:
		line 107 in file "C:\Users\ÍôÇ¿Éý\Desktop\ABM007_79F133_\ABM007_79F133\source\flush.c"
 Parameters:    Size  Location     Type
		None
 Auto vars:     Size  Location     Type
		None
 Return value:  Size  Location     Type
                  1    wreg      void 
 Registers used:
		wreg, fsr0l, fsr0h, status,2, status,0
 Tracked objects:
		On entry : 
		On exit  : 
		Unchanged: 
 Data sizes:     COMMON   BANK0   BANK1   BANK3   BANK2
      Params:         0       0       0       0       0
      Locals:         0       0       0       0       0
      Temps:          0       0       0       0       0
      Totals:         0       0       0       0       0
Total ram usage:        0 bytes
 Hardware stack levels used:    1
 Hardware stack levels required when called:    2
 This function calls:
		Nothing
 This function is called by:
		_GflushLoop
 This function uses a non-reentrant model


 *************** function _FCTloop *****************
 Defined at:
		line 21 in file "C:\Users\ÍôÇ¿Éý\Desktop\ABM007_79F133_\ABM007_79F133\source\fct.c"
 Parameters:    Size  Location     Type
		None
 Auto vars:     Size  Location     Type
		None
 Return value:  Size  Location     Type
                  1    wreg      void 
 Registers used:
		wreg, status,2, status,0, pclath, cstack
 Tracked objects:
		On entry : 
		On exit  : 
		Unchanged: 
 Data sizes:     COMMON   BANK0   BANK1   BANK3   BANK2
      Params:         0       0       0       0       0
      Locals:         0       0       0       0       0
      Temps:          0       0       0       0       0
      Totals:         0       0       0       0       0
Total ram usage:        0 bytes
 Hardware stack levels used:    1
 Hardware stack levels required when called:    5
 This function calls:
		_FCTjudge
		_FCTkey
 This function is called by:
		_main
 This function uses a non-reentrant model


 *************** function _FCTkey *****************
 Defined at:
		line 50 in file "C:\Users\ÍôÇ¿Éý\Desktop\ABM007_79F133_\ABM007_79F133\source\fct.c"
 Parameters:    Size  Location     Type
		None
 Auto vars:     Size  Location     Type
		None
 Return value:  Size  Location     Type
                  1    wreg      void 
 Registers used:
		wreg, status,2, status,0, pclath, cstack
 Tracked objects:
		On entry : 
		On exit  : 
		Unchanged: 
 Data sizes:     COMMON   BANK0   BANK1   BANK3   BANK2
      Params:         0       0       0       0       0
      Locals:         0       0       0       0       0
      Temps:          0       0       0       0       0
      Totals:         0       0       0       0       0
Total ram usage:        0 bytes
 Hardware stack levels used:    1
 Hardware stack levels required when called:    4
 This function calls:
		_Delay_nms
 This function is called by:
		_FCTloop
 This function uses a non-reentrant model


 *************** function _Delay_nms *****************
 Defined at:
		line 35 in file "C:\Users\ÍôÇ¿Éý\Desktop\ABM007_79F133_\ABM007_79F133\source\main.c"
 Parameters:    Size  Location     Type
  inittempl       2    4[COMMON] unsigned int 
 Auto vars:     Size  Location     Type
  i               2    6[COMMON] unsigned int 
  gtemp           1    8[COMMON] unsigned char 
 Return value:  Size  Location     Type
                  1    wreg      void 
 Registers used:
		wreg, status,2, status,0, pclath, cstack
 Tracked objects:
		On entry : 
		On exit  : 
		Unchanged: 
 Data sizes:     COMMON   BANK0   BANK1   BANK3   BANK2
      Params:         2       0       0       0       0
      Locals:         3       0       0       0       0
      Temps:          0       0       0       0       0
      Totals:         5       0       0       0       0
Total ram usage:        5 bytes
 Hardware stack levels used:    1
 Hardware stack levels required when called:    3
 This function calls:
		_Delay
 This function is called by:
		_main
		_FCTkey
 This function uses a non-reentrant model


 *************** function _Delay *****************
 Defined at:
		line 27 in file "C:\Users\ÍôÇ¿Éý\Desktop\ABM007_79F133_\ABM007_79F133\source\main.c"
 Parameters:    Size  Location     Type
  dtemp           2    2[COMMON] unsigned int 
 Auto vars:     Size  Location     Type
		None
 Return value:  Size  Location     Type
                  1    wreg      void 
 Registers used:
		wreg, status,2, status,0
 Tracked objects:
		On entry : 
		On exit  : 
		Unchanged: 
 Data sizes:     COMMON   BANK0   BANK1   BANK3   BANK2
      Params:         2       0       0       0       0
      Locals:         0       0       0       0       0
      Temps:          0       0       0       0       0
      Totals:         2       0       0       0       0
Total ram usage:        2 bytes
 Hardware stack levels used:    1
 Hardware stack levels required when called:    2
 This function calls:
		Nothing
 This function is called by:
		_Delay_nms
 This function uses a non-reentrant model


 *************** function _FCTjudge *****************
 Defined at:
		line 107 in file "C:\Users\ÍôÇ¿Éý\Desktop\ABM007_79F133_\ABM007_79F133\source\fct.c"
 Parameters:    Size  Location     Type
		None
 Auto vars:     Size  Location     Type
		None
 Return value:  Size  Location     Type
                  1    wreg      void 
 Registers used:
		wreg, status,2, status,0, pclath, cstack
 Tracked objects:
		On entry : 
		On exit  : 
		Unchanged: 
 Data sizes:     COMMON   BANK0   BANK1   BANK3   BANK2
      Params:         0       0       0       0       0
      Locals:         0       0       0       0       0
      Temps:          0       0       0       0       0
      Totals:         0       0       0       0       0
Total ram usage:        0 bytes
 Hardware stack levels used:    1
 Hardware stack levels required when called:    3
 This function calls:
		_G_KEY
		_R_KEY
		_key1
		_key2
 This function is called by:
		_FCTloop
 This function uses a non-reentrant model


 *************** function _key2 *****************
 Defined at:
		line 99 in file "C:\Users\ÍôÇ¿Éý\Desktop\ABM007_79F133_\ABM007_79F133\source\fct.c"
 Parameters:    Size  Location     Type
		None
 Auto vars:     Size  Location     Type
		None
 Return value:  Size  Location     Type
                  1    wreg      void 
 Registers used:
		None
 Tracked objects:
		On entry : 
		On exit  : 
		Unchanged: 
 Data sizes:     COMMON   BANK0   BANK1   BANK3   BANK2
      Params:         0       0       0       0       0
      Locals:         0       0       0       0       0
      Temps:          0       0       0       0       0
      Totals:         0       0       0       0       0
Total ram usage:        0 bytes
 Hardware stack levels used:    1
 Hardware stack levels required when called:    2
 This function calls:
		Nothing
 This function is called by:
		_FCTjudge
 This function uses a non-reentrant model


 *************** function _key1 *****************
 Defined at:
		line 91 in file "C:\Users\ÍôÇ¿Éý\Desktop\ABM007_79F133_\ABM007_79F133\source\fct.c"
 Parameters:    Size  Location     Type
		None
 Auto vars:     Size  Location     Type
		None
 Return value:  Size  Location     Type
                  1    wreg      void 
 Registers used:
		None
 Tracked objects:
		On entry : 
		On exit  : 
		Unchanged: 
 Data sizes:     COMMON   BANK0   BANK1   BANK3   BANK2
      Params:         0       0       0       0       0
      Locals:         0       0       0       0       0
      Temps:          0       0       0       0       0
      Totals:         0       0       0       0       0
Total ram usage:        0 bytes
 Hardware stack levels used:    1
 Hardware stack levels required when called:    2
 This function calls:
		Nothing
 This function is called by:
		_FCTjudge
 This function uses a non-reentrant model


 *************** function _R_KEY *****************
 Defined at:
		line 83 in file "C:\Users\ÍôÇ¿Éý\Desktop\ABM007_79F133_\ABM007_79F133\source\fct.c"
 Parameters:    Size  Location     Type
		None
 Auto vars:     Size  Location     Type
		None
 Return value:  Size  Location     Type
                  1    wreg      void 
 Registers used:
		None
 Tracked objects:
		On entry : 
		On exit  : 
		Unchanged: 
 Data sizes:     COMMON   BANK0   BANK1   BANK3   BANK2
      Params:         0       0       0       0       0
      Locals:         0       0       0       0       0
      Temps:          0       0       0       0       0
      Totals:         0       0       0       0       0
Total ram usage:        0 bytes
 Hardware stack levels used:    1
 Hardware stack levels required when called:    2
 This function calls:
		Nothing
 This function is called by:
		_FCTjudge
 This function uses a non-reentrant model


 *************** function _G_KEY *****************
 Defined at:
		line 75 in file "C:\Users\ÍôÇ¿Éý\Desktop\ABM007_79F133_\ABM007_79F133\source\fct.c"
 Parameters:    Size  Location     Type
		None
 Auto vars:     Size  Location     Type
		None
 Return value:  Size  Location     Type
                  1    wreg      void 
 Registers used:
		None
 Tracked objects:
		On entry : 
		On exit  : 
		Unchanged: 
 Data sizes:     COMMON   BANK0   BANK1   BANK3   BANK2
      Params:         0       0       0       0       0
      Locals:         0       0       0       0       0
      Temps:          0       0       0       0       0
      Totals:         0       0       0       0       0
Total ram usage:        0 bytes
 Hardware stack levels used:    1
 Hardware stack levels required when called:    2
 This function calls:
		Nothing
 This function is called by:
		_FCTjudge
 This function uses a non-reentrant model


 *************** function _Int_ALL *****************
 Defined at:
		line 563 in file "C:\Users\ÍôÇ¿Éý\Desktop\ABM007_79F133_\ABM007_79F133\source\main.c"
 Parameters:    Size  Location     Type
		None
 Auto vars:     Size  Location     Type
		None
 Return value:  Size  Location     Type
                  1    wreg      void 
 Registers used:
		wreg, status,2, status,0, pclath, cstack
 Tracked objects:
		On entry : 
		On exit  : 
		Unchanged: 
 Data sizes:     COMMON   BANK0   BANK1   BANK3   BANK2
      Params:         0       0       0       0       0
      Locals:         0       0       0       0       0
      Temps:          2       0       0       0       0
      Totals:         2       0       0       0       0
Total ram usage:        2 bytes
 Hardware stack levels used:    1
 Hardware stack levels required when called:    1
 This function calls:
		_INT_LED_SHOW
 This function is called by:
		Interrupt level 1
 This function uses a non-reentrant model


 *************** function _INT_LED_SHOW *****************
 Defined at:
		line 193 in file "C:\Users\ÍôÇ¿Éý\Desktop\ABM007_79F133_\ABM007_79F133\source\light.c"
 Parameters:    Size  Location     Type
		None
 Auto vars:     Size  Location     Type
		None
 Return value:  Size  Location     Type
                  1    wreg      void 
 Registers used:
		wreg, status,2, status,0
 Tracked objects:
		On entry : 
		On exit  : 
		Unchanged: 
 Data sizes:     COMMON   BANK0   BANK1   BANK3   BANK2
      Params:         0       0       0       0       0
      Locals:         0       0       0       0       0
      Temps:          0       0       0       0       0
      Totals:         0       0       0       0       0
Total ram usage:        0 bytes
 Hardware stack levels used:    1
 This function calls:
		Nothing
 This function is called by:
		_Int_ALL
 This function uses a non-reentrant model



MODULE INFORMATION

Module		Function		Class		Link	Load	Size
C:\Users\ÍôÇ¿Éý\Desktop\ABM007_79F133_\ABM007_79F133\source\main.c
		_Delay_nms     		CODE           	037C	0000	32
		_Init_TIMER1   		CODE           	049A	0000	14
		_Init_TIMER2   		CODE           	04A7	0000	12
		_Init_IC       		CODE           	0488	0000	19
		_main          		CODE           	03A7	0000	112
		_Init_GPIO     		CODE           	0473	0000	22
		_Delay         		CODE           	039B	0000	13
		_Int_ALL       		CODE           	0416	0000	36

C:\Users\ÍôÇ¿Éý\Desktop\ABM007_79F133_\ABM007_79F133\source\main.c estimated size: 260

C:\Users\ÍôÇ¿Éý\Desktop\ABM007_79F133_\ABM007_79F133\source\fct.c
		_FCTkey        		CODE           	0360	0000	29
		_G_KEY         		CODE           	034C	0000	6
		_FCTjudge      		CODE           	032A	0000	35
		_R_KEY         		CODE           	0351	0000	6
		_FCTloop       		CODE           	0326	0000	5
		_key1          		CODE           	0356	0000	6
		_key2          		CODE           	035B	0000	6

C:\Users\ÍôÇ¿Éý\Desktop\ABM007_79F133_\ABM007_79F133\source\fct.c estimated size: 93

shared
		PL8            		CODE           	031D	0000	10
		__initialization		CODE           	000F	0000	10
		PL2            		CODE           	0215	0000	11
		PL4            		CODE           	021F	0000	11
		PL6            		CODE           	0229	0000	8

shared estimated size: 50

C:\Users\ÍôÇ¿Éý\Desktop\ABM007_79F133_\ABM007_79F133\source\key.c
		_GkeyLoop      		CODE           	011B	0000	107
		_ScanKey       		CODE           	0202	0000	20
		_KeyControl    		CODE           	0185	0000	126

C:\Users\ÍôÇ¿Éý\Desktop\ABM007_79F133_\ABM007_79F133\source\key.c estimated size: 253

C:\Users\ÍôÇ¿Éý\Desktop\ABM007_79F133_\ABM007_79F133\source\sensor.c
		_SensorControl 		CODE           	0273	0000	28
		_GsensorLoop   		CODE           	0230	0000	11
		_SensorKey     		CODE           	023A	0000	2
		_SensorTime    		CODE           	023B	0000	57
		_SensorJudge   		CODE           	028E	0000	144

C:\Users\ÍôÇ¿Éý\Desktop\ABM007_79F133_\ABM007_79F133\source\sensor.c estimated size: 242

C:\Users\ÍôÇ¿Éý\Desktop\ABM007_79F133_\ABM007_79F133\source\flush.c
		_FlushTime     		CODE           	0023	0000	2
		_FlushCon      		CODE           	0024	0000	201
		_GflushLoop    		CODE           	001C	0000	8
		_FlushJudge    		CODE           	00EC	0000	48

C:\Users\ÍôÇ¿Éý\Desktop\ABM007_79F133_\ABM007_79F133\source\flush.c estimated size: 259

C:\Users\ÍôÇ¿Éý\Desktop\ABM007_79F133_\ABM007_79F133\source\light.c
		_LED_Time      		CODE           	045E	0000	4
		_LED_Judge     		CODE           	046B	0000	9
		_LED_Key       		CODE           	045D	0000	2
		_GledLoop      		CODE           	0453	0000	11
		_LED_Con       		CODE           	0461	0000	11
		_INT_LED_SHOW  		CODE           	0439	0000	27

C:\Users\ÍôÇ¿Éý\Desktop\ABM007_79F133_\ABM007_79F133\source\light.c estimated size: 64

