Microchip MPLAB XC8 Compiler V1.45 ()

Linker command line:

-W-2 \
  --edf=D:\soft.anzhuang\CMS_IDE_V2.03.25\CMS_IDE_V2.03.25\data\dat\en_msgs.txt \
  -cs -h+ABM007_FM03.sym --cmf=ABM007_FM03.cmf -z -Q79F133 \
  -oC:\Users\ÍôÇ¿Éý\AppData\Local\Temp\seqs.2 -MABM007_FM03.map -E1 \
  -ver=XC8 -ASTACK=0A0h-0efh -pstack=STACK -ACODE=00h-07FFhx4 \
  -ASTRCODE=00h-01FFFh -ASTRING=00h-0FFhx32 -ACONST=00h-0FFhx32 \
  -AENTRY=00h-0FFhx32 -ACOMMON=070h-07Fh -ABANK0=020h-06Fh \
  -ABANK1=0A0h-0EFh -ABANK2=0120h-016Fh -ABANK3=01A0h-01EFh \
  -ARAM=020h-06Fh,0A0h-0EFh,0120h-016Fh,01A0h-01EFh \
  -AABS1=020h-07Fh,0A0h-0EFh,0120h-016Fh,01A0h-01EFh -ASFR0=00h-01Fh \
  -ASFR1=080h-09Fh -ASFR2=0100h-011Fh -ASFR3=0180h-019Fh \
  -preset_vec=00h,intentry=04h,init,end_init -ppowerup=CODE -pcinit=CODE \
  -pfunctab=ENTRY -ACONFIG=02007h-02008h -pconfig=CONFIG -DCONFIG=2 \
  -AIDLOC=02000h-02003h -pidloc=IDLOC -DIDLOC=2 -DCODE=2 -DSTRCODE=2 \
  -DSTRING=2 -DCONST=2 -DENTRY=2 -k startup.obj ABM007_FM03.obj 

Object code version is 3.11

Machine type is 79F133



                Name                               Link     Load   Length Selector   Space Scale
startup.obj     end_init                              C        C        3        8       0
                reset_vec                             0        0        3        0       0
ABM007_FM03.obj cinit                                 F        F        D        8       0
                intentry                              4        4        8        8       0
                text31                              4EE      4EE       3D        8       0
                text29                              52B      52B       2B        8       0
                text22                              40B      40B       74        8       0
                text15                               1C       1C      22B        8       0
                text10                              33D      33D       CE        8       0
                text5                               247      247       F6        8       0
                text4                               556      556       15        8       0
                text3                               56B      56B       12        8       0
                text2                               57D      57D        D        8       0
                text1                               58A      58A        B        8       0
                maintext                            47F      47F       6F        8       0
                cstackBANK0                          5D       5D        7       20       1
                cstackCOMMON                         70       70        9       70       1
                clrtext                             595      595        8        8       0
                bssBANK0                             20       20       3D       20       1
                bssCOMMON                            79       79        2       70       1

TOTAL           Name                               Link     Load   Length     Space
        CLASS   STACK          

        CLASS   CODE           
                end_init                              C        C        3         0
                cinit                                 F        F        D         0
                intentry                              4        4        8         0
                reset_vec                             0        0        3         0
                text31                              4EE      4EE       3D         0
                text29                              52B      52B       2B         0
                text22                              40B      40B       74         0
                text15                               1C       1C      22B         0
                text10                              33D      33D       CE         0
                text5                               247      247       F6         0
                text4                               556      556       15         0
                text3                               56B      56B       12         0
                text2                               57D      57D        D         0
                text1                               58A      58A        B         0
                maintext                            47F      47F       6F         0
                clrtext                             595      595        8         0

        CLASS   STRCODE        

        CLASS   STRING         

        CLASS   CONST          

        CLASS   ENTRY          

        CLASS   COMMON         
                cstackCOMMON                         70       70        9         1
                bssCOMMON                            79       79        2         1

        CLASS   BANK0          
                cstackBANK0                          5D       5D        7         1
                bssBANK0                             20       20       3D         1

        CLASS   BANK1          

        CLASS   BANK2          

        CLASS   BANK3          

        CLASS   RAM            

        CLASS   ABS1           
                abs_s1                               7E       7E        2         1

        CLASS   SFR0           

        CLASS   SFR1           

        CLASS   SFR2           

        CLASS   SFR3           

        CLASS   CONFIG         

        CLASS   IDLOC          

        CLASS   EEDATA         



SEGMENTS        Name                           Load    Length   Top    Selector   Space  Class     Delta

                reset_vec                      000000  000003  000003         0       0  CODE        2
                intentry                       000004  000599  00059D         8       0  CODE        2
                bssBANK0                       000020  000044  000064        20       1  BANK0       1
                cstackCOMMON                   000070  00000B  00007B        70       1  COMMON      1


UNUSED ADDRESS RANGES

        Name                Unused          Largest block    Delta
        BANK0            064-06F             C           1
        BANK1            0A0-0EF            50           1
        BANK2            120-16F            50           1
        BANK3            1A0-1EF            50           1
        CODE             003-003             1           2
                         59D-1FFF           800
        COMMON           07B-07D             3           1
        CONFIG           2007-2008             2           2
        CONST            003-003             1           2
                         59D-1FFF           100
        ENTRY            003-003             1           2
                         59D-1FFF           100
        IDLOC            2000-2003             4           2
        RAM              064-06F             C           1
                         0A0-0EF            50
                         120-16F            50
                         1A0-1EF            50
        SFR0             000-01F            20           1
        SFR1             080-09F            20           1
        SFR2             100-11F            20           1
        SFR3             180-19F            20           1
        STACK            0A0-0EF            50           1
        STRCODE          003-003             1           2
                         59D-1FFF          1A63
        STRING           003-003             1           2
                         59D-1FFF           100

                                  Symbol Table

Delay@dtemp              cstackCOMMON 072
Delay_nms@gtemp          cstackCOMMON 078
Delay_nms@i              cstackCOMMON 076
Delay_nms@inittempl      cstackCOMMON 074
FlushJudge@Key_Step      cstackCOMMON 076
KeyControl@this          cstackBANK0  063
PL10                     text5        334
PL12                     text22       479
PL14                     text10       3FF
PL16                     text10       405
PL2                      text15       225
PL4                      text15       22F
PL6                      text15       239
PL8                      text15       240
ScanKey@line_num         cstackCOMMON 072
_AD_Result               bssBANK0     036
_BufCntAdd               bssBANK0     02E
_CNTbodyExitTime         bssBANK0     02A
_CNTbodyInTime           bssBANK0     02C
_CNTbody_h               bssBANK0     032
_CNTbody_l               bssBANK0     030
_CNTbreath_Led           bssBANK0     040
_CNTbreath_Led1          bssBANK0     03E
_CNTbreath_Led2          bssBANK0     03C
_CNTbreath_Led3          bssBANK0     03A
_CNTfct                  bssBANK0     026
_CNTfctFlashLed          bssBANK0     045
_CNTfctSensior           bssBANK0     046
_CNTfctStart             bssBANK0     028
_CNTflush                bssBANK0     034
_CNTkey1                 bssBANK0     024
_CNTkey2                 bssBANK0     022
_CurrentIO               bssBANK0     044
_Delay                   text29       54A
_Delay_nms               text29       52B
_FCT                     bssBANK0     047
_FCTjudge                text22       40F
_FCTkey                  text22       441
_FCTloop                 text22       40B
_Fbodysensor             bssCOMMON    07A
_Fflush1                 bssBANK0     04B
_FledBits01              bssBANK0     050
_FlushCon                text15       024
_FlushJudge              text15       0FC
_FlushTime               text15       023
_Fsys1                   bssBANK0     053
_Fsys1m                  bssBANK0     051
_Fsys1s                  bssBANK0     052
_GIE                     (abs)        05F
_G_KEY                   text22       42D
_GflushLoop              text15       01C
_GkeyLoop                text15       12B
_GledLoop                text10       33D
_GsensorLoop             text5        247
_INTCON                  (abs)        00B
_INT_LED_SHOW            text31       511
_Init_GPIO               text4        556
_Init_IC                 text3        56B
_Init_TIMER1             text2        57D
_Init_TIMER2             text1        58A
_Int_ALL                 text31       4EE
_KeyControl              text15       195
_KeyControl$3154         cstackBANK0  05D
_KeyControl$3155         cstackBANK0  05F
_KeyControl$3156         cstackBANK0  061
_KeyLines                bssBANK0     055
_LED_Con                 text10       34B
_LED_Judge               text10       3F7
_LED_Key                 text10       347
_LED_Time                text10       348
_MainTime_1min           bssBANK0     04C
_MainTime_1s             bssBANK0     038
_My_test_cnt             bssBANK0     042
_OPTION_REG              (abs)        081
_OSCCON                  (abs)        08F
_PIE1                    (abs)        08C
_PIE2                    (abs)        08D
_PIR1                    (abs)        00C
_PIR2                    (abs)        00D
_PORTA                   (abs)        005
_PORTB                   (abs)        006
_PORTC                   (abs)        007
_PR2                     (abs)        092
_RA1                     (abs)        029
_RA2                     (abs)        02A
_RA4                     (abs)        02C
_RA5                     (abs)        02D
_RA6                     (abs)        02E
_RB0                     (abs)        030
_RB1                     (abs)        031
_RB2                     (abs)        032
_RX_Buf                  bssBANK0     04F
_R_KEY                   text22       432
_SEQbody                 bssBANK0     048
_SEQflsuh                bssBANK0     04A
_SEQmain                 bssBANK0     04D
_ScanKey                 text15       212
_SeletedLine             bssCOMMON    079
_SensorControl           text5        28A
_SensorJudge             text5        2A5
_SensorKey               text5        251
_SensorTime              text5        252
_T1CON                   (abs)        010
_T2CON                   (abs)        012
_TMR1                    (abs)        00E
_TMR1IE                  (abs)        460
_TMR1IF                  (abs)        060
_TMR2IE                  (abs)        461
_TMR2IF                  (abs)        061
_TRISA                   (abs)        085
_TRISB                   (abs)        086
_TRISC                   (abs)        087
_WDTCON                  (abs)        105
_WPUA                    (abs)        18E
_WPUB                    (abs)        095
_WPUC                    (abs)        18F
__Habs1                  abs1         000
__Hbank0                 bank0        000
__Hbank1                 bank1        000
__Hbank2                 bank2        000
__Hbank3                 bank3        000
__HbssBANK0              bssBANK0     000
__HbssCOMMON             bssCOMMON    000
__Hcinit                 cinit        01C
__Hclrtext               clrtext      000
__Hcode                  code         000
__Hcommon                common       000
__Hconfig                config       000
__HcstackBANK0           cstackBANK0  000
__HcstackCOMMON          cstackCOMMON 000
__Heeprom_data           eeprom_data  000
__Hend_init              end_init     00F
__Hfunctab               functab      000
__Hidloc                 idloc        000
__Hinit                  init         00C
__Hintentry              intentry     00C
__Hmaintext              maintext     000
__Hpa_nodes0             pa_nodes0    000
__Hpowerup               powerup      000
__Hram                   ram          000
__Hreset_vec             reset_vec    003
__Hsfr0                  sfr0         000
__Hsfr1                  sfr1         000
__Hsfr2                  sfr2         000
__Hsfr3                  sfr3         000
__Hspace_0               (abs)        59D
__Hspace_1               (abs)        07B
__Hspace_2               (abs)        000
__Hspace_3               (abs)        000
__Hstack                 stack        000
__Hstrings               strings      000
__Htext                  text         000
__Labs1                  abs1         000
__Lbank0                 bank0        000
__Lbank1                 bank1        000
__Lbank2                 bank2        000
__Lbank3                 bank3        000
__LbssBANK0              bssBANK0     000
__LbssCOMMON             bssCOMMON    000
__Lcinit                 cinit        00F
__Lclrtext               clrtext      000
__Lcode                  code         000
__Lcommon                common       000
__Lconfig                config       000
__LcstackBANK0           cstackBANK0  000
__LcstackCOMMON          cstackCOMMON 000
__Leeprom_data           eeprom_data  000
__Lend_init              end_init     00C
__Lfunctab               functab      000
__Lidloc                 idloc        000
__Linit                  init         00C
__Lintentry              intentry     004
__Lmaintext              maintext     000
__Lpa_nodes0             pa_nodes0    000
__Lpowerup               powerup      000
__Lram                   ram          000
__Lreset_vec             reset_vec    000
__Lsfr0                  sfr0         000
__Lsfr1                  sfr1         000
__Lsfr2                  sfr2         000
__Lsfr3                  sfr3         000
__Lspace_0               (abs)        000
__Lspace_1               (abs)        000
__Lspace_2               (abs)        000
__Lspace_3               (abs)        000
__Lstack                 stack        000
__Lstrings               strings      000
__Ltext                  text         000
__S0                     (abs)        59D
__S1                     (abs)        07B
__S2                     (abs)        000
___int_sp                stack        000
___latbits               (abs)        002
___sp                    stack        000
__end_ofPL10             text5        33D
__end_ofPL12             text22       47F
__end_ofPL14             text10       405
__end_ofPL16             text10       40B
__end_ofPL2              text15       22F
__end_ofPL4              text15       239
__end_ofPL6              text15       240
__end_ofPL8              text15       247
__end_of_Delay           text29       556
__end_of_Delay_nms       text29       54A
__end_of_FCTjudge        text22       42D
__end_of_FCTkey          text22       479
__end_of_FCTloop         text22       40F
__end_of_FlushCon        text15       0FC
__end_of_FlushJudge      text15       12B
__end_of_FlushTime       text15       024
__end_of_G_KEY           text22       432
__end_of_GflushLoop      text15       023
__end_of_GkeyLoop        text15       195
__end_of_GledLoop        text10       347
__end_of_GsensorLoop     text5        251
__end_of_INT_LED_SHOW    text31       52B
__end_of_Init_GPIO       text4        56B
__end_of_Init_IC         text3        57D
__end_of_Init_TIMER1     text2        58A
__end_of_Init_TIMER2     text1        595
__end_of_Int_ALL         text31       511
__end_of_KeyControl      text15       212
__end_of_LED_Con         text10       3F7
__end_of_LED_Judge       text10       3FF
__end_of_LED_Key         text10       348
__end_of_LED_Time        text10       34B
__end_of_R_KEY           text22       437
__end_of_ScanKey         text15       225
__end_of_SensorControl   text5        2A5
__end_of_SensorJudge     text5        334
__end_of_SensorKey       text5        252
__end_of_SensorTime      text5        28A
__end_of__initialization cinit        018
__end_of_key1            text22       43C
__end_of_key2            text22       441
__end_of_main            maintext     4EE
__initialization         cinit        00F
__pbssBANK0              bssBANK0     020
__pbssCOMMON             bssCOMMON    079
__pcstackBANK0           cstackBANK0  05D
__pcstackCOMMON          cstackCOMMON 070
__pintentry              intentry     004
__pmaintext              maintext     47F
__ptext0                 text0        000
__ptext1                 text1        58A
__ptext10                text10       33D
__ptext11                text10       348
__ptext12                text10       347
__ptext13                text10       3F7
__ptext14                text10       34B
__ptext15                text15       01C
__ptext16                text15       023
__ptext17                text15       0FC
__ptext18                text15       12B
__ptext19                text15       212
__ptext2                 text2        57D
__ptext20                text15       195
__ptext21                text15       024
__ptext22                text22       40B
__ptext23                text22       441
__ptext24                text22       40F
__ptext25                text22       43C
__ptext26                text22       437
__ptext27                text22       432
__ptext28                text22       42D
__ptext29                text29       52B
__ptext3                 text3        56B
__ptext30                text29       54A
__ptext31                text31       4EE
__ptext32                text31       511
__ptext4                 text4        556
__ptext5                 text5        247
__ptext6                 text5        252
__ptext7                 text5        251
__ptext8                 text5        2A5
__ptext9                 text5        28A
__size_of_Delay          (abs)        000
__size_of_Delay_nms      (abs)        000
__size_of_FCTjudge       (abs)        000
__size_of_FCTkey         (abs)        000
__size_of_FCTloop        (abs)        000
__size_of_FlushCon       (abs)        000
__size_of_FlushJudge     (abs)        000
__size_of_FlushTime      (abs)        000
__size_of_G_KEY          (abs)        000
__size_of_GflushLoop     (abs)        000
__size_of_GkeyLoop       (abs)        000
__size_of_GledLoop       (abs)        000
__size_of_GsensorLoop    (abs)        000
__size_of_INT_LED_SHOW   (abs)        000
__size_of_Init_GPIO      (abs)        000
__size_of_Init_IC        (abs)        000
__size_of_Init_TIMER1    (abs)        000
__size_of_Init_TIMER2    (abs)        000
__size_of_Int_ALL        (abs)        000
__size_of_KeyControl     (abs)        000
__size_of_LED_Con        (abs)        000
__size_of_LED_Judge      (abs)        000
__size_of_LED_Key        (abs)        000
__size_of_LED_Time       (abs)        000
__size_of_R_KEY          (abs)        000
__size_of_ScanKey        (abs)        000
__size_of_SensorControl  (abs)        000
__size_of_SensorJudge    (abs)        000
__size_of_SensorKey      (abs)        000
__size_of_SensorTime     (abs)        000
__size_of_key1           (abs)        000
__size_of_key2           (abs)        000
__size_of_main           (abs)        000
_fctBits001              bssBANK0     054
_flag_time               bssBANK0     020
_key1                    text22       437
_key2                    text22       43C
_main                    maintext     47F
_templ                   bssBANK0     04E
_u8stsBodySensor         bssBANK0     049
btemp                    (abs)        07E
clear_ram0               clrtext      595
end_of_initialization    cinit        018
interrupt_function       intentry     004
intlevel0                functab      000
intlevel1                functab      000
intlevel2                functab      000
intlevel3                functab      000
intlevel4                functab      000
intlevel5                functab      000
reset_vec                reset_vec    000
saved_w                  (abs)        07E
stackhi                  (abs)        000
stacklo                  (abs)        000
start                    init         00C
start_initialization     cinit        00F
wtemp0                   (abs)        07E


FUNCTION INFORMATION:

 *************** function _main *****************
 Defined at:
		line 473 in file "C:\Users\ÍôÇ¿Éý\Desktop\ABM007_FM3\ABM007_FM3\source\main.c"
 Parameters:    Size  Location     Type
		None
 Auto vars:     Size  Location     Type
		None
 Return value:  Size  Location     Type
                  1    wreg      void 
 Registers used:
		wreg, fsr0l, fsr0h, status,2, status,0, pclath, cstack
 Tracked objects:
		On entry : 
		On exit  : 
		Unchanged: 
 Data sizes:     COMMON   BANK0   BANK1   BANK3   BANK2
      Params:         0       0       0       0       0
      Locals:         0       0       0       0       0
      Temps:          0       0       0       0       0
      Totals:         0       0       0       0       0
Total ram usage:        0 bytes
 Hardware stack levels required when called:    6
 This function calls:
		_Delay_nms
		_FCTloop
		_GflushLoop
		_GledLoop
		_GsensorLoop
		_Init_GPIO
		_Init_IC
		_Init_TIMER1
		_Init_TIMER2
 This function is called by:
		Startup code after reset
 This function uses a non-reentrant model


 *************** function _Init_TIMER2 *****************
 Defined at:
		line 174 in file "C:\Users\ÍôÇ¿Éý\Desktop\ABM007_FM3\ABM007_FM3\source\main.c"
 Parameters:    Size  Location     Type
		None
 Auto vars:     Size  Location     Type
		None
 Return value:  Size  Location     Type
                  1    wreg      void 
 Registers used:
		wreg
 Tracked objects:
		On entry : 
		On exit  : 
		Unchanged: 
 Data sizes:     COMMON   BANK0   BANK1   BANK3   BANK2
      Params:         0       0       0       0       0
      Locals:         0       0       0       0       0
      Temps:          0       0       0       0       0
      Totals:         0       0       0       0       0
Total ram usage:        0 bytes
 Hardware stack levels used:    1
 Hardware stack levels required when called:    2
 This function calls:
		Nothing
 This function is called by:
		_main
 This function uses a non-reentrant model


 *************** function _Init_TIMER1 *****************
 Defined at:
		line 152 in file "C:\Users\ÍôÇ¿Éý\Desktop\ABM007_FM3\ABM007_FM3\source\main.c"
 Parameters:    Size  Location     Type
		None
 Auto vars:     Size  Location     Type
		None
 Return value:  Size  Location     Type
                  1    wreg      void 
 Registers used:
		wreg
 Tracked objects:
		On entry : 
		On exit  : 
		Unchanged: 
 Data sizes:     COMMON   BANK0   BANK1   BANK3   BANK2
      Params:         0       0       0       0       0
      Locals:         0       0       0       0       0
      Temps:          0       0       0       0       0
      Totals:         0       0       0       0       0
Total ram usage:        0 bytes
 Hardware stack levels used:    1
 Hardware stack levels required when called:    2
 This function calls:
		Nothing
 This function is called by:
		_main
 This function uses a non-reentrant model


 *************** function _Init_IC *****************
 Defined at:
		line 96 in file "C:\Users\ÍôÇ¿Éý\Desktop\ABM007_FM3\ABM007_FM3\source\main.c"
 Parameters:    Size  Location     Type
		None
 Auto vars:     Size  Location     Type
		None
 Return value:  Size  Location     Type
                  1    wreg      void 
 Registers used:
		wreg, status,2
 Tracked objects:
		On entry : 
		On exit  : 
		Unchanged: 
 Data sizes:     COMMON   BANK0   BANK1   BANK3   BANK2
      Params:         0       0       0       0       0
      Locals:         0       0       0       0       0
      Temps:          0       0       0       0       0
      Totals:         0       0       0       0       0
Total ram usage:        0 bytes
 Hardware stack levels used:    1
 Hardware stack levels required when called:    2
 This function calls:
		Nothing
 This function is called by:
		_main
 This function uses a non-reentrant model


 *************** function _Init_GPIO *****************
 Defined at:
		line 62 in file "C:\Users\ÍôÇ¿Éý\Desktop\ABM007_FM3\ABM007_FM3\source\main.c"
 Parameters:    Size  Location     Type
		None
 Auto vars:     Size  Location     Type
		None
 Return value:  Size  Location     Type
                  1    wreg      void 
 Registers used:
		wreg, status,2
 Tracked objects:
		On entry : 
		On exit  : 
		Unchanged: 
 Data sizes:     COMMON   BANK0   BANK1   BANK3   BANK2
      Params:         0       0       0       0       0
      Locals:         0       0       0       0       0
      Temps:          0       0       0       0       0
      Totals:         0       0       0       0       0
Total ram usage:        0 bytes
 Hardware stack levels used:    1
 Hardware stack levels required when called:    2
 This function calls:
		Nothing
 This function is called by:
		_main
 This function uses a non-reentrant model


 *************** function _GsensorLoop *****************
 Defined at:
		line 19 in file "C:\Users\ÍôÇ¿Éý\Desktop\ABM007_FM3\ABM007_FM3\source\sensor.c"
 Parameters:    Size  Location     Type
		None
 Auto vars:     Size  Location     Type
		None
 Return value:  Size  Location     Type
                  1    wreg      void 
 Registers used:
		wreg, fsr0l, fsr0h, status,2, status,0, pclath, cstack
 Tracked objects:
		On entry : 
		On exit  : 
		Unchanged: 
 Data sizes:     COMMON   BANK0   BANK1   BANK3   BANK2
      Params:         0       0       0       0       0
      Locals:         0       0       0       0       0
      Temps:          0       0       0       0       0
      Totals:         0       0       0       0       0
Total ram usage:        0 bytes
 Hardware stack levels used:    1
 Hardware stack levels required when called:    3
 This function calls:
		_SensorControl
		_SensorJudge
		_SensorKey
		_SensorTime
 This function is called by:
		_main
 This function uses a non-reentrant model


 *************** function _SensorTime *****************
 Defined at:
		line 33 in file "C:\Users\ÍôÇ¿Éý\Desktop\ABM007_FM3\ABM007_FM3\source\sensor.c"
 Parameters:    Size  Location     Type
		None
 Auto vars:     Size  Location     Type
		None
 Return value:  Size  Location     Type
                  1    wreg      void 
 Registers used:
		wreg, status,2, status,0
 Tracked objects:
		On entry : 
		On exit  : 
		Unchanged: 
 Data sizes:     COMMON   BANK0   BANK1   BANK3   BANK2
      Params:         0       0       0       0       0
      Locals:         0       0       0       0       0
      Temps:          0       0       0       0       0
      Totals:         0       0       0       0       0
Total ram usage:        0 bytes
 Hardware stack levels used:    1
 Hardware stack levels required when called:    2
 This function calls:
		Nothing
 This function is called by:
		_GsensorLoop
 This function uses a non-reentrant model


 *************** function _SensorKey *****************
 Defined at:
		line 27 in file "C:\Users\ÍôÇ¿Éý\Desktop\ABM007_FM3\ABM007_FM3\source\sensor.c"
 Parameters:    Size  Location     Type
		None
 Auto vars:     Size  Location     Type
		None
 Return value:  Size  Location     Type
                  1    wreg      void 
 Registers used:
		None
 Tracked objects:
		On entry : 
		On exit  : 
		Unchanged: 
 Data sizes:     COMMON   BANK0   BANK1   BANK3   BANK2
      Params:         0       0       0       0       0
      Locals:         0       0       0       0       0
      Temps:          0       0       0       0       0
      Totals:         0       0       0       0       0
Total ram usage:        0 bytes
 Hardware stack levels used:    1
 Hardware stack levels required when called:    2
 This function calls:
		Nothing
 This function is called by:
		_GsensorLoop
 This function uses a non-reentrant model


 *************** function _SensorJudge *****************
 Defined at:
		line 73 in file "C:\Users\ÍôÇ¿Éý\Desktop\ABM007_FM3\ABM007_FM3\source\sensor.c"
 Parameters:    Size  Location     Type
		None
 Auto vars:     Size  Location     Type
		None
 Return value:  Size  Location     Type
                  1    wreg      void 
 Registers used:
		wreg, fsr0l, fsr0h, status,2, status,0
 Tracked objects:
		On entry : 
		On exit  : 
		Unchanged: 
 Data sizes:     COMMON   BANK0   BANK1   BANK3   BANK2
      Params:         0       0       0       0       0
      Locals:         0       0       0       0       0
      Temps:          0       0       0       0       0
      Totals:         0       0       0       0       0
Total ram usage:        0 bytes
 Hardware stack levels used:    1
 Hardware stack levels required when called:    2
 This function calls:
		Nothing
 This function is called by:
		_GsensorLoop
 This function uses a non-reentrant model


 *************** function _SensorControl *****************
 Defined at:
		line 179 in file "C:\Users\ÍôÇ¿Éý\Desktop\ABM007_FM3\ABM007_FM3\source\sensor.c"
 Parameters:    Size  Location     Type
		None
 Auto vars:     Size  Location     Type
		None
 Return value:  Size  Location     Type
                  1    wreg      void 
 Registers used:
		wreg
 Tracked objects:
		On entry : 
		On exit  : 
		Unchanged: 
 Data sizes:     COMMON   BANK0   BANK1   BANK3   BANK2
      Params:         0       0       0       0       0
      Locals:         0       0       0       0       0
      Temps:          1       0       0       0       0
      Totals:         1       0       0       0       0
Total ram usage:        1 bytes
 Hardware stack levels used:    1
 Hardware stack levels required when called:    2
 This function calls:
		Nothing
 This function is called by:
		_GsensorLoop
 This function uses a non-reentrant model


 *************** function _GledLoop *****************
 Defined at:
		line 16 in file "C:\Users\ÍôÇ¿Éý\Desktop\ABM007_FM3\ABM007_FM3\source\light.c"
 Parameters:    Size  Location     Type
		None
 Auto vars:     Size  Location     Type
		None
 Return value:  Size  Location     Type
                  1    wreg      void 
 Registers used:
		wreg, status,2, status,0, pclath, cstack
 Tracked objects:
		On entry : 
		On exit  : 
		Unchanged: 
 Data sizes:     COMMON   BANK0   BANK1   BANK3   BANK2
      Params:         0       0       0       0       0
      Locals:         0       0       0       0       0
      Temps:          0       0       0       0       0
      Totals:         0       0       0       0       0
Total ram usage:        0 bytes
 Hardware stack levels used:    1
 Hardware stack levels required when called:    3
 This function calls:
		_LED_Con
		_LED_Judge
		_LED_Key
		_LED_Time
 This function is called by:
		_main
 This function uses a non-reentrant model


 *************** function _LED_Time *****************
 Defined at:
		line 45 in file "C:\Users\ÍôÇ¿Éý\Desktop\ABM007_FM3\ABM007_FM3\source\light.c"
 Parameters:    Size  Location     Type
		None
 Auto vars:     Size  Location     Type
		None
 Return value:  Size  Location     Type
                  1    wreg      void 
 Registers used:
		None
 Tracked objects:
		On entry : 
		On exit  : 
		Unchanged: 
 Data sizes:     COMMON   BANK0   BANK1   BANK3   BANK2
      Params:         0       0       0       0       0
      Locals:         0       0       0       0       0
      Temps:          0       0       0       0       0
      Totals:         0       0       0       0       0
Total ram usage:        0 bytes
 Hardware stack levels used:    1
 Hardware stack levels required when called:    2
 This function calls:
		Nothing
 This function is called by:
		_GledLoop
 This function uses a non-reentrant model


 *************** function _LED_Key *****************
 Defined at:
		line 24 in file "C:\Users\ÍôÇ¿Éý\Desktop\ABM007_FM3\ABM007_FM3\source\light.c"
 Parameters:    Size  Location     Type
		None
 Auto vars:     Size  Location     Type
		None
 Return value:  Size  Location     Type
                  1    wreg      void 
 Registers used:
		None
 Tracked objects:
		On entry : 
		On exit  : 
		Unchanged: 
 Data sizes:     COMMON   BANK0   BANK1   BANK3   BANK2
      Params:         0       0       0       0       0
      Locals:         0       0       0       0       0
      Temps:          0       0       0       0       0
      Totals:         0       0       0       0       0
Total ram usage:        0 bytes
 Hardware stack levels used:    1
 Hardware stack levels required when called:    2
 This function calls:
		Nothing
 This function is called by:
		_GledLoop
 This function uses a non-reentrant model


 *************** function _LED_Judge *****************
 Defined at:
		line 53 in file "C:\Users\ÍôÇ¿Éý\Desktop\ABM007_FM3\ABM007_FM3\source\light.c"
 Parameters:    Size  Location     Type
		None
 Auto vars:     Size  Location     Type
		None
 Return value:  Size  Location     Type
                  1    wreg      void 
 Registers used:
		None
 Tracked objects:
		On entry : 
		On exit  : 
		Unchanged: 
 Data sizes:     COMMON   BANK0   BANK1   BANK3   BANK2
      Params:         0       0       0       0       0
      Locals:         0       0       0       0       0
      Temps:          0       0       0       0       0
      Totals:         0       0       0       0       0
Total ram usage:        0 bytes
 Hardware stack levels used:    1
 Hardware stack levels required when called:    2
 This function calls:
		Nothing
 This function is called by:
		_GledLoop
 This function uses a non-reentrant model


 *************** function _LED_Con *****************
 Defined at:
		line 84 in file "C:\Users\ÍôÇ¿Éý\Desktop\ABM007_FM3\ABM007_FM3\source\light.c"
 Parameters:    Size  Location     Type
		None
 Auto vars:     Size  Location     Type
		None
 Return value:  Size  Location     Type
                  1    wreg      void 
 Registers used:
		wreg, status,2, status,0
 Tracked objects:
		On entry : 
		On exit  : 
		Unchanged: 
 Data sizes:     COMMON   BANK0   BANK1   BANK3   BANK2
      Params:         0       0       0       0       0
      Locals:         0       0       0       0       0
      Temps:          0       0       0       0       0
      Totals:         0       0       0       0       0
Total ram usage:        0 bytes
 Hardware stack levels used:    1
 Hardware stack levels required when called:    2
 This function calls:
		Nothing
 This function is called by:
		_GledLoop
 This function uses a non-reentrant model


 *************** function _GflushLoop *****************
 Defined at:
		line 15 in file "C:\Users\ÍôÇ¿Éý\Desktop\ABM007_FM3\ABM007_FM3\source\flush.c"
 Parameters:    Size  Location     Type
		None
 Auto vars:     Size  Location     Type
		None
 Return value:  Size  Location     Type
                  1    wreg      void 
 Registers used:
		wreg, fsr0l, fsr0h, status,2, status,0, pclath, cstack
 Tracked objects:
		On entry : 
		On exit  : 
		Unchanged: 
 Data sizes:     COMMON   BANK0   BANK1   BANK3   BANK2
      Params:         0       0       0       0       0
      Locals:         0       0       0       0       0
      Temps:          0       0       0       0       0
      Totals:         0       0       0       0       0
Total ram usage:        0 bytes
 Hardware stack levels used:    1
 Hardware stack levels required when called:    5
 This function calls:
		_FlushCon
		_FlushJudge
		_FlushTime
 This function is called by:
		_main
 This function uses a non-reentrant model


 *************** function _FlushTime *****************
 Defined at:
		line 22 in file "C:\Users\ÍôÇ¿Éý\Desktop\ABM007_FM3\ABM007_FM3\source\flush.c"
 Parameters:    Size  Location     Type
		None
 Auto vars:     Size  Location     Type
		None
 Return value:  Size  Location     Type
                  1    wreg      void 
 Registers used:
		None
 Tracked objects:
		On entry : 
		On exit  : 
		Unchanged: 
 Data sizes:     COMMON   BANK0   BANK1   BANK3   BANK2
      Params:         0       0       0       0       0
      Locals:         0       0       0       0       0
      Temps:          0       0       0       0       0
      Totals:         0       0       0       0       0
Total ram usage:        0 bytes
 Hardware stack levels used:    1
 Hardware stack levels required when called:    2
 This function calls:
		Nothing
 This function is called by:
		_GflushLoop
 This function uses a non-reentrant model


 *************** function _FlushJudge *****************
 Defined at:
		line 26 in file "C:\Users\ÍôÇ¿Éý\Desktop\ABM007_FM3\ABM007_FM3\source\flush.c"
 Parameters:    Size  Location     Type
		None
 Auto vars:     Size  Location     Type
  Key_Step        1    6[COMMON] unsigned char 
 Return value:  Size  Location     Type
                  1    wreg      void 
 Registers used:
		wreg, fsr0l, fsr0h, status,2, status,0, pclath, cstack
 Tracked objects:
		On entry : 
		On exit  : 
		Unchanged: 
 Data sizes:     COMMON   BANK0   BANK1   BANK3   BANK2
      Params:         0       0       0       0       0
      Locals:         1       0       0       0       0
      Temps:          0       0       0       0       0
      Totals:         1       0       0       0       0
Total ram usage:        1 bytes
 Hardware stack levels used:    1
 Hardware stack levels required when called:    4
 This function calls:
		_GkeyLoop
 This function is called by:
		_GflushLoop
 This function uses a non-reentrant model


 *************** function _GkeyLoop *****************
 Defined at:
		line 7 in file "C:\Users\ÍôÇ¿Éý\Desktop\ABM007_FM3\ABM007_FM3\source\key.c"
 Parameters:    Size  Location     Type
		None
 Auto vars:     Size  Location     Type
		None
 Return value:  Size  Location     Type
                  1    wreg      unsigned char 
 Registers used:
		wreg, fsr0l, fsr0h, status,2, status,0, pclath, cstack
 Tracked objects:
		On entry : 
		On exit  : 
		Unchanged: 
 Data sizes:     COMMON   BANK0   BANK1   BANK3   BANK2
      Params:         0       0       0       0       0
      Locals:         0       0       0       0       0
      Temps:          2       0       0       0       0
      Totals:         2       0       0       0       0
Total ram usage:        2 bytes
 Hardware stack levels used:    1
 Hardware stack levels required when called:    3
 This function calls:
		_KeyControl
		_ScanKey
 This function is called by:
		_FlushJudge
 This function uses a non-reentrant model


 *************** function _ScanKey *****************
 Defined at:
		line 45 in file "C:\Users\ÍôÇ¿Éý\Desktop\ABM007_FM3\ABM007_FM3\source\key.c"
 Parameters:    Size  Location     Type
  line_num        1    wreg     enum E879
 Auto vars:     Size  Location     Type
  line_num        1    2[COMMON] enum E879
 Return value:  Size  Location     Type
                  1    wreg      unsigned char 
 Registers used:
		wreg, fsr0l, fsr0h, status,2, status,0
 Tracked objects:
		On entry : 
		On exit  : 
		Unchanged: 
 Data sizes:     COMMON   BANK0   BANK1   BANK3   BANK2
      Params:         0       0       0       0       0
      Locals:         1       0       0       0       0
      Temps:          0       0       0       0       0
      Totals:         1       0       0       0       0
Total ram usage:        1 bytes
 Hardware stack levels used:    1
 Hardware stack levels required when called:    2
 This function calls:
		Nothing
 This function is called by:
		_GkeyLoop
 This function uses a non-reentrant model


 *************** function _KeyControl *****************
 Defined at:
		line 58 in file "C:\Users\ÍôÇ¿Éý\Desktop\ABM007_FM3\ABM007_FM3\source\key.c"
 Parameters:    Size  Location     Type
  this            1    wreg     PTR struct _KEY_PRIVATE
		 -> KeyLines(8), 
 Auto vars:     Size  Location     Type
  this            1    6[BANK0 ] PTR struct _KEY_PRIVATE
		 -> KeyLines(8), 
 Return value:  Size  Location     Type
                  1    wreg      unsigned char 
 Registers used:
		wreg, fsr0l, fsr0h, status,2, status,0
 Tracked objects:
		On entry : 
		On exit  : 
		Unchanged: 
 Data sizes:     COMMON   BANK0   BANK1   BANK3   BANK2
      Params:         0       0       0       0       0
      Locals:         0       7       0       0       0
      Temps:          2       0       0       0       0
      Totals:         2       7       0       0       0
Total ram usage:        9 bytes
 Hardware stack levels used:    1
 Hardware stack levels required when called:    2
 This function calls:
		Nothing
 This function is called by:
		_GkeyLoop
 This function uses a non-reentrant model


 *************** function _FlushCon *****************
 Defined at:
		line 105 in file "C:\Users\ÍôÇ¿Éý\Desktop\ABM007_FM3\ABM007_FM3\source\flush.c"
 Parameters:    Size  Location     Type
		None
 Auto vars:     Size  Location     Type
		None
 Return value:  Size  Location     Type
                  1    wreg      void 
 Registers used:
		wreg, fsr0l, fsr0h, status,2, status,0
 Tracked objects:
		On entry : 
		On exit  : 
		Unchanged: 
 Data sizes:     COMMON   BANK0   BANK1   BANK3   BANK2
      Params:         0       0       0       0       0
      Locals:         0       0       0       0       0
      Temps:          0       0       0       0       0
      Totals:         0       0       0       0       0
Total ram usage:        0 bytes
 Hardware stack levels used:    1
 Hardware stack levels required when called:    2
 This function calls:
		Nothing
 This function is called by:
		_GflushLoop
 This function uses a non-reentrant model


 *************** function _FCTloop *****************
 Defined at:
		line 23 in file "C:\Users\ÍôÇ¿Éý\Desktop\ABM007_FM3\ABM007_FM3\source\fct.c"
 Parameters:    Size  Location     Type
		None
 Auto vars:     Size  Location     Type
		None
 Return value:  Size  Location     Type
                  1    wreg      void 
 Registers used:
		wreg, status,2, status,0, pclath, cstack
 Tracked objects:
		On entry : 
		On exit  : 
		Unchanged: 
 Data sizes:     COMMON   BANK0   BANK1   BANK3   BANK2
      Params:         0       0       0       0       0
      Locals:         0       0       0       0       0
      Temps:          0       0       0       0       0
      Totals:         0       0       0       0       0
Total ram usage:        0 bytes
 Hardware stack levels used:    1
 Hardware stack levels required when called:    4
 This function calls:
		_FCTjudge
		_FCTkey
 This function is called by:
		_main
 This function uses a non-reentrant model


 *************** function _FCTkey *****************
 Defined at:
		line 52 in file "C:\Users\ÍôÇ¿Éý\Desktop\ABM007_FM3\ABM007_FM3\source\fct.c"
 Parameters:    Size  Location     Type
		None
 Auto vars:     Size  Location     Type
		None
 Return value:  Size  Location     Type
                  1    wreg      void 
 Registers used:
		wreg, status,2, status,0
 Tracked objects:
		On entry : 
		On exit  : 
		Unchanged: 
 Data sizes:     COMMON   BANK0   BANK1   BANK3   BANK2
      Params:         0       0       0       0       0
      Locals:         0       0       0       0       0
      Temps:          0       0       0       0       0
      Totals:         0       0       0       0       0
Total ram usage:        0 bytes
 Hardware stack levels used:    1
 Hardware stack levels required when called:    2
 This function calls:
		Nothing
 This function is called by:
		_FCTloop
 This function uses a non-reentrant model


 *************** function _FCTjudge *****************
 Defined at:
		line 143 in file "C:\Users\ÍôÇ¿Éý\Desktop\ABM007_FM3\ABM007_FM3\source\fct.c"
 Parameters:    Size  Location     Type
		None
 Auto vars:     Size  Location     Type
		None
 Return value:  Size  Location     Type
                  1    wreg      void 
 Registers used:
		wreg, status,2, status,0, pclath, cstack
 Tracked objects:
		On entry : 
		On exit  : 
		Unchanged: 
 Data sizes:     COMMON   BANK0   BANK1   BANK3   BANK2
      Params:         0       0       0       0       0
      Locals:         0       0       0       0       0
      Temps:          0       0       0       0       0
      Totals:         0       0       0       0       0
Total ram usage:        0 bytes
 Hardware stack levels used:    1
 Hardware stack levels required when called:    3
 This function calls:
		_G_KEY
		_R_KEY
		_key1
		_key2
 This function is called by:
		_FCTloop
 This function uses a non-reentrant model


 *************** function _key2 *****************
 Defined at:
		line 135 in file "C:\Users\ÍôÇ¿Éý\Desktop\ABM007_FM3\ABM007_FM3\source\fct.c"
 Parameters:    Size  Location     Type
		None
 Auto vars:     Size  Location     Type
		None
 Return value:  Size  Location     Type
                  1    wreg      void 
 Registers used:
		None
 Tracked objects:
		On entry : 
		On exit  : 
		Unchanged: 
 Data sizes:     COMMON   BANK0   BANK1   BANK3   BANK2
      Params:         0       0       0       0       0
      Locals:         0       0       0       0       0
      Temps:          0       0       0       0       0
      Totals:         0       0       0       0       0
Total ram usage:        0 bytes
 Hardware stack levels used:    1
 Hardware stack levels required when called:    2
 This function calls:
		Nothing
 This function is called by:
		_FCTjudge
 This function uses a non-reentrant model


 *************** function _key1 *****************
 Defined at:
		line 127 in file "C:\Users\ÍôÇ¿Éý\Desktop\ABM007_FM3\ABM007_FM3\source\fct.c"
 Parameters:    Size  Location     Type
		None
 Auto vars:     Size  Location     Type
		None
 Return value:  Size  Location     Type
                  1    wreg      void 
 Registers used:
		None
 Tracked objects:
		On entry : 
		On exit  : 
		Unchanged: 
 Data sizes:     COMMON   BANK0   BANK1   BANK3   BANK2
      Params:         0       0       0       0       0
      Locals:         0       0       0       0       0
      Temps:          0       0       0       0       0
      Totals:         0       0       0       0       0
Total ram usage:        0 bytes
 Hardware stack levels used:    1
 Hardware stack levels required when called:    2
 This function calls:
		Nothing
 This function is called by:
		_FCTjudge
 This function uses a non-reentrant model


 *************** function _R_KEY *****************
 Defined at:
		line 119 in file "C:\Users\ÍôÇ¿Éý\Desktop\ABM007_FM3\ABM007_FM3\source\fct.c"
 Parameters:    Size  Location     Type
		None
 Auto vars:     Size  Location     Type
		None
 Return value:  Size  Location     Type
                  1    wreg      void 
 Registers used:
		None
 Tracked objects:
		On entry : 
		On exit  : 
		Unchanged: 
 Data sizes:     COMMON   BANK0   BANK1   BANK3   BANK2
      Params:         0       0       0       0       0
      Locals:         0       0       0       0       0
      Temps:          0       0       0       0       0
      Totals:         0       0       0       0       0
Total ram usage:        0 bytes
 Hardware stack levels used:    1
 Hardware stack levels required when called:    2
 This function calls:
		Nothing
 This function is called by:
		_FCTjudge
 This function uses a non-reentrant model


 *************** function _G_KEY *****************
 Defined at:
		line 111 in file "C:\Users\ÍôÇ¿Éý\Desktop\ABM007_FM3\ABM007_FM3\source\fct.c"
 Parameters:    Size  Location     Type
		None
 Auto vars:     Size  Location     Type
		None
 Return value:  Size  Location     Type
                  1    wreg      void 
 Registers used:
		None
 Tracked objects:
		On entry : 
		On exit  : 
		Unchanged: 
 Data sizes:     COMMON   BANK0   BANK1   BANK3   BANK2
      Params:         0       0       0       0       0
      Locals:         0       0       0       0       0
      Temps:          0       0       0       0       0
      Totals:         0       0       0       0       0
Total ram usage:        0 bytes
 Hardware stack levels used:    1
 Hardware stack levels required when called:    2
 This function calls:
		Nothing
 This function is called by:
		_FCTjudge
 This function uses a non-reentrant model


 *************** function _Delay_nms *****************
 Defined at:
		line 35 in file "C:\Users\ÍôÇ¿Éý\Desktop\ABM007_FM3\ABM007_FM3\source\main.c"
 Parameters:    Size  Location     Type
  inittempl       2    4[COMMON] unsigned int 
 Auto vars:     Size  Location     Type
  i               2    6[COMMON] unsigned int 
  gtemp           1    8[COMMON] unsigned char 
 Return value:  Size  Location     Type
                  1    wreg      void 
 Registers used:
		wreg, status,2, status,0, pclath, cstack
 Tracked objects:
		On entry : 
		On exit  : 
		Unchanged: 
 Data sizes:     COMMON   BANK0   BANK1   BANK3   BANK2
      Params:         2       0       0       0       0
      Locals:         3       0       0       0       0
      Temps:          0       0       0       0       0
      Totals:         5       0       0       0       0
Total ram usage:        5 bytes
 Hardware stack levels used:    1
 Hardware stack levels required when called:    3
 This function calls:
		_Delay
 This function is called by:
		_main
 This function uses a non-reentrant model


 *************** function _Delay *****************
 Defined at:
		line 27 in file "C:\Users\ÍôÇ¿Éý\Desktop\ABM007_FM3\ABM007_FM3\source\main.c"
 Parameters:    Size  Location     Type
  dtemp           2    2[COMMON] unsigned int 
 Auto vars:     Size  Location     Type
		None
 Return value:  Size  Location     Type
                  1    wreg      void 
 Registers used:
		wreg, status,2, status,0
 Tracked objects:
		On entry : 
		On exit  : 
		Unchanged: 
 Data sizes:     COMMON   BANK0   BANK1   BANK3   BANK2
      Params:         2       0       0       0       0
      Locals:         0       0       0       0       0
      Temps:          0       0       0       0       0
      Totals:         2       0       0       0       0
Total ram usage:        2 bytes
 Hardware stack levels used:    1
 Hardware stack levels required when called:    2
 This function calls:
		Nothing
 This function is called by:
		_Delay_nms
 This function uses a non-reentrant model


 *************** function _Int_ALL *****************
 Defined at:
		line 563 in file "C:\Users\ÍôÇ¿Éý\Desktop\ABM007_FM3\ABM007_FM3\source\main.c"
 Parameters:    Size  Location     Type
		None
 Auto vars:     Size  Location     Type
		None
 Return value:  Size  Location     Type
                  1    wreg      void 
 Registers used:
		wreg, status,2, status,0, pclath, cstack
 Tracked objects:
		On entry : 
		On exit  : 
		Unchanged: 
 Data sizes:     COMMON   BANK0   BANK1   BANK3   BANK2
      Params:         0       0       0       0       0
      Locals:         0       0       0       0       0
      Temps:          2       0       0       0       0
      Totals:         2       0       0       0       0
Total ram usage:        2 bytes
 Hardware stack levels used:    1
 Hardware stack levels required when called:    1
 This function calls:
		_INT_LED_SHOW
 This function is called by:
		Interrupt level 1
 This function uses a non-reentrant model


 *************** function _INT_LED_SHOW *****************
 Defined at:
		line 193 in file "C:\Users\ÍôÇ¿Éý\Desktop\ABM007_FM3\ABM007_FM3\source\light.c"
 Parameters:    Size  Location     Type
		None
 Auto vars:     Size  Location     Type
		None
 Return value:  Size  Location     Type
                  1    wreg      void 
 Registers used:
		wreg, status,2, status,0
 Tracked objects:
		On entry : 
		On exit  : 
		Unchanged: 
 Data sizes:     COMMON   BANK0   BANK1   BANK3   BANK2
      Params:         0       0       0       0       0
      Locals:         0       0       0       0       0
      Temps:          0       0       0       0       0
      Totals:         0       0       0       0       0
Total ram usage:        0 bytes
 Hardware stack levels used:    1
 This function calls:
		Nothing
 This function is called by:
		_Int_ALL
 This function uses a non-reentrant model



MODULE INFORMATION

Module		Function		Class		Link	Load	Size
C:\Users\ÍôÇ¿Éý\Desktop\ABM007_FM3\ABM007_FM3\source\sensor.c
		_SensorControl 		CODE           	028A	0000	28
		_GsensorLoop   		CODE           	0247	0000	11
		_SensorKey     		CODE           	0251	0000	2
		_SensorTime    		CODE           	0252	0000	57
		_SensorJudge   		CODE           	02A5	0000	144

C:\Users\ÍôÇ¿Éý\Desktop\ABM007_FM3\ABM007_FM3\source\sensor.c estimated size: 242

C:\Users\ÍôÇ¿Éý\Desktop\ABM007_FM3\ABM007_FM3\source\fct.c
		_FCTkey        		CODE           	0441	0000	57
		_G_KEY         		CODE           	042D	0000	6
		_FCTjudge      		CODE           	040F	0000	31
		_R_KEY         		CODE           	0432	0000	6
		_FCTloop       		CODE           	040B	0000	5
		_key1          		CODE           	0437	0000	6
		_key2          		CODE           	043C	0000	6

C:\Users\ÍôÇ¿Éý\Desktop\ABM007_FM3\ABM007_FM3\source\fct.c estimated size: 117

C:\Users\ÍôÇ¿Éý\Desktop\ABM007_FM3\ABM007_FM3\source\flush.c
		_FlushTime     		CODE           	0023	0000	2
		_FlushCon      		CODE           	0024	0000	217
		_GflushLoop    		CODE           	001C	0000	8
		_FlushJudge    		CODE           	00FC	0000	48

C:\Users\ÍôÇ¿Éý\Desktop\ABM007_FM3\ABM007_FM3\source\flush.c estimated size: 275

C:\Users\ÍôÇ¿Éý\Desktop\ABM007_FM3\ABM007_FM3\source\light.c
		_LED_Time      		CODE           	0348	0000	4
		_LED_Judge     		CODE           	03F7	0000	9
		_LED_Key       		CODE           	0347	0000	2
		_GledLoop      		CODE           	033D	0000	11
		_LED_Con       		CODE           	034B	0000	173
		_INT_LED_SHOW  		CODE           	0511	0000	27

C:\Users\ÍôÇ¿Éý\Desktop\ABM007_FM3\ABM007_FM3\source\light.c estimated size: 226

C:\Users\ÍôÇ¿Éý\Desktop\ABM007_FM3\ABM007_FM3\source\main.c
		_Delay_nms     		CODE           	052B	0000	32
		_Init_TIMER1   		CODE           	057D	0000	14
		_Init_TIMER2   		CODE           	058A	0000	12
		_Init_IC       		CODE           	056B	0000	19
		_main          		CODE           	047F	0000	112
		_Init_GPIO     		CODE           	0556	0000	22
		_Delay         		CODE           	054A	0000	13
		_Int_ALL       		CODE           	04EE	0000	36

C:\Users\ÍôÇ¿Éý\Desktop\ABM007_FM3\ABM007_FM3\source\main.c estimated size: 260

shared
		PL12           		CODE           	0479	0000	7
		PL8            		CODE           	0240	0000	8
		PL14           		CODE           	03FF	0000	7
		PL16           		CODE           	0405	0000	7
		__initialization		CODE           	000F	0000	10
		PL2            		CODE           	0225	0000	11
		PL10           		CODE           	0334	0000	10
		PL4            		CODE           	022F	0000	11
		PL6            		CODE           	0239	0000	8

shared estimated size: 79

C:\Users\ÍôÇ¿Éý\Desktop\ABM007_FM3\ABM007_FM3\source\key.c
		_GkeyLoop      		CODE           	012B	0000	107
		_ScanKey       		CODE           	0212	0000	20
		_KeyControl    		CODE           	0195	0000	126

C:\Users\ÍôÇ¿Éý\Desktop\ABM007_FM3\ABM007_FM3\source\key.c estimated size: 253

